Archive member included to satisfy reference by file (symbol)

C:/ST/STM32CubeIDE_1.15.0/STM32CubeIDE/plugins/com.st.stm32cube.ide.mcu.externaltools.gnu-tools-for-stm32.12.3.rel1.win32_1.0.100.202403111256/tools/bin/../lib/gcc/arm-none-eabi/12.3.1/../../../../arm-none-eabi/lib/thumb/v7e-m+fp/hard\libc_nano.a(libc_a-exit.o)
                              C:/ST/STM32CubeIDE_1.15.0/STM32CubeIDE/plugins/com.st.stm32cube.ide.mcu.externaltools.gnu-tools-for-stm32.12.3.rel1.win32_1.0.100.202403111256/tools/bin/../lib/gcc/arm-none-eabi/12.3.1/../../../../arm-none-eabi/lib/thumb/v7e-m+fp/hard/crt0.o (exit)
C:/ST/STM32CubeIDE_1.15.0/STM32CubeIDE/plugins/com.st.stm32cube.ide.mcu.externaltools.gnu-tools-for-stm32.12.3.rel1.win32_1.0.100.202403111256/tools/bin/../lib/gcc/arm-none-eabi/12.3.1/../../../../arm-none-eabi/lib/thumb/v7e-m+fp/hard\libc_nano.a(libc_a-findfp.o)
                              ./Middlewares/FreeRTOS/tasks.o (__sf)
C:/ST/STM32CubeIDE_1.15.0/STM32CubeIDE/plugins/com.st.stm32cube.ide.mcu.externaltools.gnu-tools-for-stm32.12.3.rel1.win32_1.0.100.202403111256/tools/bin/../lib/gcc/arm-none-eabi/12.3.1/../../../../arm-none-eabi/lib/thumb/v7e-m+fp/hard\libc_nano.a(libc_a-fwalk.o)
                              C:/ST/STM32CubeIDE_1.15.0/STM32CubeIDE/plugins/com.st.stm32cube.ide.mcu.externaltools.gnu-tools-for-stm32.12.3.rel1.win32_1.0.100.202403111256/tools/bin/../lib/gcc/arm-none-eabi/12.3.1/../../../../arm-none-eabi/lib/thumb/v7e-m+fp/hard\libc_nano.a(libc_a-findfp.o) (_fwalk_sglue)
C:/ST/STM32CubeIDE_1.15.0/STM32CubeIDE/plugins/com.st.stm32cube.ide.mcu.externaltools.gnu-tools-for-stm32.12.3.rel1.win32_1.0.100.202403111256/tools/bin/../lib/gcc/arm-none-eabi/12.3.1/../../../../arm-none-eabi/lib/thumb/v7e-m+fp/hard\libc_nano.a(libc_a-sprintf.o)
                              ./Core/Src/dataMeasurements.o (sprintf)
C:/ST/STM32CubeIDE_1.15.0/STM32CubeIDE/plugins/com.st.stm32cube.ide.mcu.externaltools.gnu-tools-for-stm32.12.3.rel1.win32_1.0.100.202403111256/tools/bin/../lib/gcc/arm-none-eabi/12.3.1/../../../../arm-none-eabi/lib/thumb/v7e-m+fp/hard\libc_nano.a(libc_a-stdio.o)
                              C:/ST/STM32CubeIDE_1.15.0/STM32CubeIDE/plugins/com.st.stm32cube.ide.mcu.externaltools.gnu-tools-for-stm32.12.3.rel1.win32_1.0.100.202403111256/tools/bin/../lib/gcc/arm-none-eabi/12.3.1/../../../../arm-none-eabi/lib/thumb/v7e-m+fp/hard\libc_nano.a(libc_a-findfp.o) (__sread)
C:/ST/STM32CubeIDE_1.15.0/STM32CubeIDE/plugins/com.st.stm32cube.ide.mcu.externaltools.gnu-tools-for-stm32.12.3.rel1.win32_1.0.100.202403111256/tools/bin/../lib/gcc/arm-none-eabi/12.3.1/../../../../arm-none-eabi/lib/thumb/v7e-m+fp/hard\libc_nano.a(libc_a-memset.o)
                              C:/ST/STM32CubeIDE_1.15.0/STM32CubeIDE/plugins/com.st.stm32cube.ide.mcu.externaltools.gnu-tools-for-stm32.12.3.rel1.win32_1.0.100.202403111256/tools/bin/../lib/gcc/arm-none-eabi/12.3.1/../../../../arm-none-eabi/lib/thumb/v7e-m+fp/hard/crt0.o (memset)
C:/ST/STM32CubeIDE_1.15.0/STM32CubeIDE/plugins/com.st.stm32cube.ide.mcu.externaltools.gnu-tools-for-stm32.12.3.rel1.win32_1.0.100.202403111256/tools/bin/../lib/gcc/arm-none-eabi/12.3.1/../../../../arm-none-eabi/lib/thumb/v7e-m+fp/hard\libc_nano.a(libc_a-closer.o)
                              C:/ST/STM32CubeIDE_1.15.0/STM32CubeIDE/plugins/com.st.stm32cube.ide.mcu.externaltools.gnu-tools-for-stm32.12.3.rel1.win32_1.0.100.202403111256/tools/bin/../lib/gcc/arm-none-eabi/12.3.1/../../../../arm-none-eabi/lib/thumb/v7e-m+fp/hard\libc_nano.a(libc_a-stdio.o) (_close_r)
C:/ST/STM32CubeIDE_1.15.0/STM32CubeIDE/plugins/com.st.stm32cube.ide.mcu.externaltools.gnu-tools-for-stm32.12.3.rel1.win32_1.0.100.202403111256/tools/bin/../lib/gcc/arm-none-eabi/12.3.1/../../../../arm-none-eabi/lib/thumb/v7e-m+fp/hard\libc_nano.a(libc_a-reent.o)
                              ./Middlewares/FreeRTOS/tasks.o (_reclaim_reent)
C:/ST/STM32CubeIDE_1.15.0/STM32CubeIDE/plugins/com.st.stm32cube.ide.mcu.externaltools.gnu-tools-for-stm32.12.3.rel1.win32_1.0.100.202403111256/tools/bin/../lib/gcc/arm-none-eabi/12.3.1/../../../../arm-none-eabi/lib/thumb/v7e-m+fp/hard\libc_nano.a(libc_a-impure.o)
                              ./Middlewares/FreeRTOS/tasks.o (_impure_ptr)
C:/ST/STM32CubeIDE_1.15.0/STM32CubeIDE/plugins/com.st.stm32cube.ide.mcu.externaltools.gnu-tools-for-stm32.12.3.rel1.win32_1.0.100.202403111256/tools/bin/../lib/gcc/arm-none-eabi/12.3.1/../../../../arm-none-eabi/lib/thumb/v7e-m+fp/hard\libc_nano.a(libc_a-lseekr.o)
                              C:/ST/STM32CubeIDE_1.15.0/STM32CubeIDE/plugins/com.st.stm32cube.ide.mcu.externaltools.gnu-tools-for-stm32.12.3.rel1.win32_1.0.100.202403111256/tools/bin/../lib/gcc/arm-none-eabi/12.3.1/../../../../arm-none-eabi/lib/thumb/v7e-m+fp/hard\libc_nano.a(libc_a-stdio.o) (_lseek_r)
[...]
Memory Configuration

Name             Origin             Length             Attributes
RAM              0x20000000         0x00018000         xrw
RAM2             0x10000000         0x00008000         xrw
FLASH            0x08000000         0x00100000         xr
*default*        0x00000000         0xffffffff

Linker script and memory map

LOAD C:/ST/STM32CubeIDE_1.15.0/STM32CubeIDE/plugins/com.st.stm32cube.ide.mcu.externaltools.gnu-tools-for-stm32.12.3.rel1.win32_1.0.100.202403111256/tools/bin/../lib/gcc/arm-none-eabi/12.3.1/thumb/v7e-m+fp/hard/crti.o
LOAD C:/ST/STM32CubeIDE_1.15.0/STM32CubeIDE/plugins/com.st.stm32cube.ide.mcu.externaltools.gnu-tools-for-stm32.12.3.rel1.win32_1.0.100.202403111256/tools/bin/../lib/gcc/arm-none-eabi/12.3.1/thumb/v7e-m+fp/hard/crtbegin.o
LOAD C:/ST/STM32CubeIDE_1.15.0/STM32CubeIDE/plugins/com.st.stm32cube.ide.mcu.externaltools.gnu-tools-for-stm32.12.3.rel1.win32_1.0.100.202403111256/tools/bin/../lib/gcc/arm-none-eabi/12.3.1/../../../../arm-none-eabi/lib/thumb/v7e-m+fp/hard/crt0.o
LOAD ./Core/Src/dataMeasurements.o
LOAD ./Core/Src/freertos.o
LOAD ./Core/Src/gpio.o
LOAD ./Core/Src/main.o
LOAD ./Core/Src/spi.o
LOAD ./Core/Src/spsgrf.o
LOAD ./Core/Src/stm32l4xx_hal_msp.o
LOAD ./Core/Src/stm32l4xx_hal_timebase_tim.o
LOAD ./Core/Src/stm32l4xx_it.o
LOAD ./Core/Src/syscalls.o
LOAD ./Core/Src/sysmem.o
LOAD ./Core/Src/system_stm32l4xx.o
LOAD ./Core/Src/uart.o
LOAD ./Core/Startup/startup_stm32l476rgtx.o
LOAD ./Drivers/BSP/Components/spirit1/SPIRIT1_Library/Src/SPIRIT_Aes.o
LOAD ./Drivers/BSP/Components/spirit1/SPIRIT1_Library/Src/SPIRIT_Calibration.o
LOAD ./Drivers/BSP/Components/spirit1/SPIRIT1_Library/Src/SPIRIT_Commands.o
LOAD ./Drivers/BSP/Components/spirit1/SPIRIT1_Library/Src/SPIRIT_Csma.o
LOAD ./Drivers/BSP/Components/spirit1/SPIRIT1_Library/Src/SPIRIT_DirectRF.o
LOAD ./Drivers/BSP/Components/spirit1/SPIRIT1_Library/Src/SPIRIT_General.o
LOAD ./Drivers/BSP/Components/spirit1/SPIRIT1_Library/Src/SPIRIT_Gpio.o
LOAD ./Drivers/BSP/Components/spirit1/SPIRIT1_Library/Src/SPIRIT_Irq.o
LOAD ./Drivers/BSP/Components/spirit1/SPIRIT1_Library/Src/SPIRIT_LinearFifo.o
LOAD ./Drivers/BSP/Components/spirit1/SPIRIT1_Library/Src/SPIRIT_Management.o
LOAD ./Drivers/BSP/Components/spirit1/SPIRIT1_Library/Src/SPIRIT_PktBasic.o
LOAD ./Drivers/BSP/Components/spirit1/SPIRIT1_Library/Src/SPIRIT_PktCommon.o
LOAD ./Drivers/BSP/Components/spirit1/SPIRIT1_Library/Src/SPIRIT_PktMbus.o
LOAD ./Drivers/BSP/Components/spirit1/SPIRIT1_Library/Src/SPIRIT_PktStack.o
LOAD ./Drivers/BSP/Components/spirit1/SPIRIT1_Library/Src/SPIRIT_Qi.o
LOAD ./Drivers/BSP/Components/spirit1/SPIRIT1_Library/Src/SPIRIT_Radio.o
LOAD ./Drivers/BSP/Components/spirit1/SPIRIT1_Library/Src/SPIRIT_Timer.o
LOAD ./Drivers/BSP/Components/spirit1/SPIRIT1_Library/Src/SPIRIT_Types.o
LOAD ./Drivers/BSP/Components/spirit1/radio_target.o
LOAD ./Drivers/STM32L4xx_HAL_Driver/stm32l4xx_hal.o
LOAD ./Drivers/STM32L4xx_HAL_Driver/stm32l4xx_hal_cortex.o
LOAD ./Drivers/STM32L4xx_HAL_Driver/stm32l4xx_hal_dma.o
LOAD ./Drivers/STM32L4xx_HAL_Driver/stm32l4xx_hal_dma_ex.o
LOAD ./Drivers/STM32L4xx_HAL_Driver/stm32l4xx_hal_exti.o
LOAD ./Drivers/STM32L4xx_HAL_Driver/stm32l4xx_hal_flash.o
LOAD ./Drivers/STM32L4xx_HAL_Driver/stm32l4xx_hal_flash_ex.o
LOAD ./Drivers/STM32L4xx_HAL_Driver/stm32l4xx_hal_flash_ramfunc.o
LOAD ./Drivers/STM32L4xx_HAL_Driver/stm32l4xx_hal_gpio.o
LOAD ./Drivers/STM32L4xx_HAL_Driver/stm32l4xx_hal_i2c.o
LOAD ./Drivers/STM32L4xx_HAL_Driver/stm32l4xx_hal_i2c_ex.o
LOAD ./Drivers/STM32L4xx_HAL_Driver/stm32l4xx_hal_pwr.o
LOAD ./Drivers/STM32L4xx_HAL_Driver/stm32l4xx_hal_pwr_ex.o
LOAD ./Drivers/STM32L4xx_HAL_Driver/stm32l4xx_hal_rcc.o
LOAD ./Drivers/STM32L4xx_HAL_Driver/stm32l4xx_hal_rcc_ex.o
LOAD ./Drivers/STM32L4xx_HAL_Driver/stm32l4xx_hal_spi.o
LOAD ./Drivers/STM32L4xx_HAL_Driver/stm32l4xx_hal_spi_ex.o
LOAD ./Drivers/STM32L4xx_HAL_Driver/stm32l4xx_hal_tim.o
LOAD ./Drivers/STM32L4xx_HAL_Driver/stm32l4xx_hal_tim_ex.o
LOAD ./Middlewares/FreeRTOS/cmsis_os2.o
LOAD ./Middlewares/FreeRTOS/croutine.o
LOAD ./Middlewares/FreeRTOS/event_groups.o
LOAD ./Middlewares/FreeRTOS/heap_4.o
LOAD ./Middlewares/FreeRTOS/list.o
LOAD ./Middlewares/FreeRTOS/port.o
LOAD ./Middlewares/FreeRTOS/queue.o
LOAD ./Middlewares/FreeRTOS/stream_buffer.o
LOAD ./Middlewares/FreeRTOS/tasks.o
LOAD ./Middlewares/FreeRTOS/timers.o
START GROUP
LOAD C:/ST/STM32CubeIDE_1.15.0/STM32CubeIDE/plugins/com.st.stm32cube.ide.mcu.externaltools.gnu-tools-for-stm32.12.3.rel1.win32_1.0.100.202403111256/tools/bin/../lib/gcc/arm-none-eabi/12.3.1/../../../../arm-none-eabi/lib/thumb/v7e-m+fp/hard\libc_nano.a
LOAD C:/ST/STM32CubeIDE_1.15.0/STM32CubeIDE/plugins/com.st.stm32cube.ide.mcu.externaltools.gnu-tools-for-stm32.12.3.rel1.win32_1.0.100.202403111256/tools/bin/../lib/gcc/arm-none-eabi/12.3.1/../../../../arm-none-eabi/lib/thumb/v7e-m+fp/hard\libm.a
END GROUP
START GROUP
LOAD C:/ST/STM32CubeIDE_1.15.0/STM32CubeIDE/plugins/com.st.stm32cube.ide.mcu.externaltools.gnu-tools-for-stm32.12.3.rel1.win32_1.0.100.202403111256/tools/bin/../lib/gcc/arm-none-eabi/12.3.1/thumb/v7e-m+fp/hard\libgcc.a
LOAD C:/ST/STM32CubeIDE_1.15.0/STM32CubeIDE/plugins/com.st.stm32cube.ide.mcu.externaltools.gnu-tools-for-stm32.12.3.rel1.win32_1.0.100.202403111256/tools/bin/../lib/gcc/arm-none-eabi/12.3.1/../../../../arm-none-eabi/lib/thumb/v7e-m+fp/hard\libc_nano.a
END GROUP
START GROUP
LOAD C:/ST/STM32CubeIDE_1.15.0/STM32CubeIDE/plugins/com.st.stm32cube.ide.mcu.externaltools.gnu-tools-for-stm32.12.3.rel1.win32_1.0.100.202403111256/tools/bin/../lib/gcc/arm-none-eabi/12.3.1/thumb/v7e-m+fp/hard\libgcc.a
LOAD C:/ST/STM32CubeIDE_1.15.0/STM32CubeIDE/plugins/com.st.stm32cube.ide.mcu.externaltools.gnu-tools-for-stm32.12.3.rel1.win32_1.0.100.202403111256/tools/bin/../lib/gcc/arm-none-eabi/12.3.1/../../../../arm-none-eabi/lib/thumb/v7e-m+fp/hard\libc_nano.a
LOAD C:/ST/STM32CubeIDE_1.15.0/STM32CubeIDE/plugins/com.st.stm32cube.ide.mcu.externaltools.gnu-tools-for-stm32.12.3.rel1.win32_1.0.100.202403111256/tools/bin/../lib/gcc/arm-none-eabi/12.3.1/../../../../arm-none-eabi/lib/thumb/v7e-m+fp/hard\libnosys.a
END GROUP
START GROUP
LOAD C:/ST/STM32CubeIDE_1.15.0/STM32CubeIDE/plugins/com.st.stm32cube.ide.mcu.externaltools.gnu-tools-for-stm32.12.3.rel1.win32_1.0.100.202403111256/tools/bin/../lib/gcc/arm-none-eabi/12.3.1/thumb/v7e-m+fp/hard\libgcc.a
LOAD C:/ST/STM32CubeIDE_1.15.0/STM32CubeIDE/plugins/com.st.stm32cube.ide.mcu.externaltools.gnu-tools-for-stm32.12.3.rel1.win32_1.0.100.202403111256/tools/bin/../lib/gcc/arm-none-eabi/12.3.1/../../../../arm-none-eabi/lib/thumb/v7e-m+fp/hard\libc_nano.a
LOAD C:/ST/STM32CubeIDE_1.15.0/STM32CubeIDE/plugins/com.st.stm32cube.ide.mcu.externaltools.gnu-tools-for-stm32.12.3.rel1.win32_1.0.100.202403111256/tools/bin/../lib/gcc/arm-none-eabi/12.3.1/../../../../arm-none-eabi/lib/thumb/v7e-m+fp/hard\libnosys.a
END GROUP
LOAD C:/ST/STM32CubeIDE_1.15.0/STM32CubeIDE/plugins/com.st.stm32cube.ide.mcu.externaltools.gnu-tools-for-stm32.12.3.rel1.win32_1.0.100.202403111256/tools/bin/../lib/gcc/arm-none-eabi/12.3.1/thumb/v7e-m+fp/hard/crtend.o
LOAD C:/ST/STM32CubeIDE_1.15.0/STM32CubeIDE/plugins/com.st.stm32cube.ide.mcu.externaltools.gnu-tools-for-stm32.12.3.rel1.win32_1.0.100.202403111256/tools/bin/../lib/gcc/arm-none-eabi/12.3.1/thumb/v7e-m+fp/hard/crtn.o
                0x20018000                        _estack = (ORIGIN (RAM) + LENGTH (RAM))
                0x00000200                        _Min_Heap_Size = 0x200
                0x00000400                        _Min_Stack_Size = 0x400

.isr_vector     0x08000000      0x188
                0x08000000                        . = ALIGN (0x4)
 *(.isr_vector)
 .isr_vector    0x08000000      0x188 ./Core/Startup/startup_stm32l476rgtx.o
                0x08000000                g_pfnVectors
                0x08000188                        . = ALIGN (0x4)

.text           0x08000190     0xa168
                0x08000190                        . = ALIGN (0x4)
 *(.text)
 .text          0x08000190       0x40 C:/ST/STM32CubeIDE_1.15.0/STM32CubeIDE/plugins/com.st.stm32cube.ide.mcu.externaltools.gnu-tools-for-stm32.12.3.rel1.win32_1.0.100.202403111256/tools/bin/../lib/gcc/arm-none-eabi/12.3.1/thumb/v7e-m+fp/hard/crtbegin.o
 .text          0x080001d0       0xa0 C:/ST/STM32CubeIDE_1.15.0/STM32CubeIDE/plugins/com.st.stm32cube.ide.mcu.externaltools.gnu-tools-for-stm32.12.3.rel1.win32_1.0.100.202403111256/tools/bin/../lib/gcc/arm-none-eabi/12.3.1/../../../../arm-none-eabi/lib/thumb/v7e-m+fp/hard\libc_nano.a(libc_a-memchr.o)
                0x080001d0                memchr
 .text          0x08000270      0x378 C:/ST/STM32CubeIDE_1.15.0/STM32CubeIDE/plugins/com.st.stm32cube.ide.mcu.externaltools.gnu-tools-for-stm32.12.3.rel1.win32_1.0.100.202403111256/tools/bin/../lib/gcc/arm-none-eabi/12.3.1/thumb/v7e-m+fp/hard\libgcc.a(_arm_addsubdf3.o)
                0x08000270                __aeabi_drsub
                0x08000278                __aeabi_dsub
                0x08000278                __subdf3
                0x0800027c                __aeabi_dadd
                0x0800027c                __adddf3
                0x080004f4                __floatunsidf
                0x080004f4                __aeabi_ui2d
                0x08000514                __floatsidf
                0x08000514                __aeabi_i2d
                0x08000538                __aeabi_f2d
                0x08000538                __extendsfdf2
                0x0800057c                __floatundidf
                0x0800057c                __aeabi_ul2d
                0x0800058c                __floatdidf
                0x0800058c                __aeabi_l2d
 .text          0x080005e8      0x424 C:/ST/STM32CubeIDE_1.15.0/STM32CubeIDE/plugins/com.st.stm32cube.ide.mcu.externaltools.gnu-tools-for-stm32.12.3.rel1.win32_1.0.100.202403111256/tools/bin/../lib/gcc/arm-none-eabi/12.3.1/thumb/v7e-m+fp/hard\libgcc.a(_arm_muldivdf3.o)
                0x080005e8                __aeabi_dmul
                0x080005e8                __muldf3
                0x0800083c                __divdf3
                0x0800083c                __aeabi_ddiv
 .text          0x08000a0c       0x40 C:/ST/STM32CubeIDE_1.15.0/STM32CubeIDE/plugins/com.st.stm32cube.ide.mcu.externaltools.gnu-tools-for-stm32.12.3.rel1.win32_1.0.100.202403111256/tools/bin/../lib/gcc/arm-none-eabi/12.3.1/thumb/v7e-m+fp/hard\libgcc.a(_arm_fixunsdfsi.o)
                0x08000a0c                __aeabi_d2uiz
                0x08000a0c                __fixunsdfsi
 *(.text*)
 .text.split_data
                0x08000a4c      0x270 ./Core/Src/dataMeasurements.o
                0x08000a4c                split_data
 .text.print_data
                0x08000cbc      0x1e4 ./Core/Src/dataMeasurements.o
                0x08000cbc                print_data
 .text.configureTimerForRunTimeStats
                0x08000ea0        0xe ./Core/Src/freertos.o
                0x08000ea0                configureTimerForRunTimeStats
 .text.getRunTimeCounterValue
                0x08000eae       0x10 ./Core/Src/freertos.o
                0x08000eae                getRunTimeCounterValue
 *fill*         0x08000ebe        0x2 
 .text.MX_GPIO_Init
                0x08000ec0       0xf0 ./Core/Src/gpio.o
                0x08000ec0                MX_GPIO_Init
 .text.main     0x08000fb0       0xa0 ./Core/Src/main.o
                0x08000fb0                main
 .text.Task1    0x08001050       0x7c ./Core/Src/main.o
                0x08001050                Task1
 .text.Task2    0x080010cc       0xf8 ./Core/Src/main.o
                0x080010cc                Task2
 .text.Task3    0x080011c4       0x4c ./Core/Src/main.o
                0x080011c4                Task3
 .text.HAL_GPIO_EXTI_Callback
                0x08001210       0x74 ./Core/Src/main.o
                0x08001210                HAL_GPIO_EXTI_Callback
 .text.SystemClock_Config
                0x08001284       0xa2 ./Core/Src/main.o
                0x08001284                SystemClock_Config
 *fill*         0x08001326        0x2 
 .text.HAL_TIM_PeriodElapsedCallback
                0x08001328       0x24 ./Core/Src/main.o
                0x08001328                HAL_TIM_PeriodElapsedCallback
 .text.Error_Handler
                0x0800134c        0xc ./Core/Src/main.o
                0x0800134c                Error_Handler
 .text.MX_SPI1_Init
                0x08001358       0x7c ./Core/Src/spi.o
                0x08001358                MX_SPI1_Init
 .text.HAL_SPI_MspInit
                0x080013d4       0xc0 ./Core/Src/spi.o
                0x080013d4                HAL_SPI_MspInit
 .text.SPSGRF_Init
                0x08001494      0x178 ./Core/Src/spsgrf.o
                0x08001494                SPSGRF_Init
 .text.SpiritGotoReadyState
                0x0800160c       0x5c ./Core/Src/spsgrf.o
                0x0800160c                SpiritGotoReadyState
 .text.SPSGRF_StartRx
                0x08001668       0x12 ./Core/Src/spsgrf.o
                0x08001668                SPSGRF_StartRx
 .text.SPSGRF_GetRxData
                0x0800167a       0x24 ./Core/Src/spsgrf.o
                0x0800167a                SPSGRF_GetRxData
 *fill*         0x0800169e        0x2 
 .text.HAL_MspInit
                0x080016a0       0x50 ./Core/Src/stm32l4xx_hal_msp.o
                0x080016a0                HAL_MspInit
 .text.HAL_InitTick
                0x080016f0       0xdc ./Core/Src/stm32l4xx_hal_timebase_tim.o
                0x080016f0                HAL_InitTick
 .text.NMI_Handler
                0x080017cc        0x8 ./Core/Src/stm32l4xx_it.o
                0x080017cc                NMI_Handler
 .text.HardFault_Handler
                0x080017d4        0x8 ./Core/Src/stm32l4xx_it.o
                0x080017d4                HardFault_Handler
 .text.MemManage_Handler
                0x080017dc        0x8 ./Core/Src/stm32l4xx_it.o
                0x080017dc                MemManage_Handler
 .text.BusFault_Handler
                0x080017e4        0x8 ./Core/Src/stm32l4xx_it.o
                0x080017e4                BusFault_Handler
 .text.UsageFault_Handler
                0x080017ec        0x8 ./Core/Src/stm32l4xx_it.o
                0x080017ec                UsageFault_Handler
 .text.DebugMon_Handler
                0x080017f4        0xe ./Core/Src/stm32l4xx_it.o
                0x080017f4                DebugMon_Handler
 .text.EXTI9_5_IRQHandler
                0x08001802        0xe ./Core/Src/stm32l4xx_it.o
                0x08001802                EXTI9_5_IRQHandler
 .text.TIM1_TRG_COM_TIM17_IRQHandler
                0x08001810       0x14 ./Core/Src/stm32l4xx_it.o
                0x08001810                TIM1_TRG_COM_TIM17_IRQHandler
 .text._sbrk    0x08001824       0x6c ./Core/Src/sysmem.o
                0x08001824                _sbrk
 .text.SystemInit
                0x08001890       0x24 ./Core/Src/system_stm32l4xx.o
                0x08001890                SystemInit
 .text.UART_Init
                0x080018b4       0xa4 ./Core/Src/uart.o
                0x080018b4                UART_Init
 .text.UART_Print_Char
                0x08001958       0x30 ./Core/Src/uart.o
                0x08001958                UART_Print_Char
 .text.UART_PrintLn
                0x08001988       0x50 ./Core/Src/uart.o
                0x08001988                UART_PrintLn
 .text.Reset_Handler
                0x080019d8       0x50 ./Core/Startup/startup_stm32l476rgtx.o
                0x080019d8                Reset_Handler
 .text.Default_Handler
                0x08001a28        0x2 ./Core/Startup/startup_stm32l476rgtx.o
                0x08001a28                RTC_Alarm_IRQHandler
                0x08001a28                EXTI2_IRQHandler
                0x08001a28                TIM8_TRG_COM_IRQHandler
                0x08001a28                TIM8_CC_IRQHandler
                0x08001a28                TIM1_CC_IRQHandler
                0x08001a28                TSC_IRQHandler
                0x08001a28                TAMP_STAMP_IRQHandler
                0x08001a28                EXTI3_IRQHandler
                0x08001a28                LPTIM2_IRQHandler
                0x08001a28                DFSDM1_FLT1_IRQHandler
                0x08001a28                I2C3_ER_IRQHandler
                0x08001a28                DFSDM1_FLT2_IRQHandler
                0x08001a28                EXTI0_IRQHandler
                0x08001a28                I2C2_EV_IRQHandler
                0x08001a28                CAN1_RX0_IRQHandler
                0x08001a28                FPU_IRQHandler
                0x08001a28                TIM1_UP_TIM16_IRQHandler
                0x08001a28                ADC1_2_IRQHandler
                0x08001a28                SPI1_IRQHandler
                0x08001a28                TIM6_DAC_IRQHandler
                0x08001a28                TIM8_UP_IRQHandler
                0x08001a28                DMA2_Channel2_IRQHandler
                0x08001a28                DMA1_Channel4_IRQHandler
                0x08001a28                SAI2_IRQHandler
                0x08001a28                DFSDM1_FLT3_IRQHandler
                0x08001a28                USART3_IRQHandler
                0x08001a28                DMA1_Channel7_IRQHandler
                0x08001a28                CAN1_RX1_IRQHandler
                0x08001a28                LCD_IRQHandler
                0x08001a28                UART5_IRQHandler
                0x08001a28                ADC3_IRQHandler
                0x08001a28                TIM4_IRQHandler
                0x08001a28                DMA2_Channel1_IRQHandler
                0x08001a28                QUADSPI_IRQHandler
                0x08001a28                I2C1_EV_IRQHandler
                0x08001a28                DMA1_Channel6_IRQHandler
                0x08001a28                UART4_IRQHandler
                0x08001a28                DMA2_Channel4_IRQHandler
                0x08001a28                TIM3_IRQHandler
                0x08001a28                RCC_IRQHandler
                0x08001a28                DMA1_Channel1_IRQHandler
                0x08001a28                Default_Handler
                0x08001a28                DMA2_Channel7_IRQHandler
                0x08001a28                EXTI15_10_IRQHandler
                0x08001a28                TIM7_IRQHandler
                0x08001a28                SDMMC1_IRQHandler
                0x08001a28                TIM5_IRQHandler
                0x08001a28                I2C3_EV_IRQHandler
                0x08001a28                RTC_WKUP_IRQHandler
                0x08001a28                PVD_PVM_IRQHandler
                0x08001a28                SPI2_IRQHandler
                0x08001a28                CAN1_TX_IRQHandler
                0x08001a28                DMA2_Channel5_IRQHandler
                0x08001a28                DMA1_Channel5_IRQHandler
                0x08001a28                EXTI4_IRQHandler
                0x08001a28                RNG_IRQHandler
                0x08001a28                DMA1_Channel3_IRQHandler
                0x08001a28                COMP_IRQHandler
                0x08001a28                WWDG_IRQHandler
                0x08001a28                LPUART1_IRQHandler
                0x08001a28                DMA2_Channel6_IRQHandler
                0x08001a28                TIM2_IRQHandler
                0x08001a28                EXTI1_IRQHandler
                0x08001a28                USART2_IRQHandler
                0x08001a28                DFSDM1_FLT0_IRQHandler
                0x08001a28                I2C2_ER_IRQHandler
                0x08001a28                DMA1_Channel2_IRQHandler
                0x08001a28                TIM8_BRK_IRQHandler
                0x08001a28                CAN1_SCE_IRQHandler
                0x08001a28                FLASH_IRQHandler
                0x08001a28                USART1_IRQHandler
                0x08001a28                OTG_FS_IRQHandler
                0x08001a28                SPI3_IRQHandler
                0x08001a28                I2C1_ER_IRQHandler
                0x08001a28                FMC_IRQHandler
                0x08001a28                SWPMI1_IRQHandler
                0x08001a28                LPTIM1_IRQHandler
                0x08001a28                SAI1_IRQHandler
                0x08001a28                DMA2_Channel3_IRQHandler
                0x08001a28                TIM1_BRK_TIM15_IRQHandler
 *fill*         0x08001a2a        0x2 
 .text.SpiritCalibrationVco
                0x08001a2c       0x70 ./Drivers/BSP/Components/spirit1/SPIRIT1_Library/Src/SPIRIT_Calibration.o
                0x08001a2c                SpiritCalibrationVco
 .text.SpiritCalibrationGetVcoCalData
                0x08001a9c       0x38 ./Drivers/BSP/Components/spirit1/SPIRIT1_Library/Src/SPIRIT_Calibration.o
                0x08001a9c                SpiritCalibrationGetVcoCalData
 .text.SpiritCalibrationSetVcoCalDataTx
                0x08001ad4       0x68 ./Drivers/BSP/Components/spirit1/SPIRIT1_Library/Src/SPIRIT_Calibration.o
                0x08001ad4                SpiritCalibrationSetVcoCalDataTx
 .text.SpiritCalibrationSetVcoCalDataRx
                0x08001b3c       0x68 ./Drivers/BSP/Components/spirit1/SPIRIT1_Library/Src/SPIRIT_Calibration.o
                0x08001b3c                SpiritCalibrationSetVcoCalDataRx
 .text.SpiritCalibrationSelectVco
                0x08001ba4       0x54 ./Drivers/BSP/Components/spirit1/SPIRIT1_Library/Src/SPIRIT_Calibration.o
                0x08001ba4                SpiritCalibrationSelectVco
 .text.SpiritCmdStrobeCommand
                0x08001bf8       0x30 ./Drivers/BSP/Components/spirit1/SPIRIT1_Library/Src/SPIRIT_Commands.o
                0x08001bf8                SpiritCmdStrobeCommand
 .text.SpiritGpioInit
                0x08001c28       0x48 ./Drivers/BSP/Components/spirit1/SPIRIT1_Library/Src/SPIRIT_Gpio.o
                0x08001c28                SpiritGpioInit
 .text.SpiritIrqDeInit
                0x08001c70       0x58 ./Drivers/BSP/Components/spirit1/SPIRIT1_Library/Src/SPIRIT_Irq.o
                0x08001c70                SpiritIrqDeInit
 .text.SpiritIrq
                0x08001cc8       0xcc ./Drivers/BSP/Components/spirit1/SPIRIT1_Library/Src/SPIRIT_Irq.o
                0x08001cc8                SpiritIrq
 .text.SpiritIrqGetStatus
                0x08001d94       0x64 ./Drivers/BSP/Components/spirit1/SPIRIT1_Library/Src/SPIRIT_Irq.o
                0x08001d94                SpiritIrqGetStatus
 .text.SpiritIrqClearStatus
                0x08001df8       0x30 ./Drivers/BSP/Components/spirit1/SPIRIT1_Library/Src/SPIRIT_Irq.o
                0x08001df8                SpiritIrqClearStatus
 .text.SpiritLinearFifoReadNumElementsRxFifo
                0x08001e28       0x38 ./Drivers/BSP/Components/spirit1/SPIRIT1_Library/Src/SPIRIT_LinearFifo.o
                0x08001e28                SpiritLinearFifoReadNumElementsRxFifo
 .text.SpiritManagementSetFrequencyBase
                0x08001e60      0x204 ./Drivers/BSP/Components/spirit1/SPIRIT1_Library/Src/SPIRIT_Management.o
                0x08001e60                SpiritManagementSetFrequencyBase
 .text.SpiritManagementWaVcoCalibration
                0x08002064      0x180 ./Drivers/BSP/Components/spirit1/SPIRIT1_Library/Src/SPIRIT_Management.o
                0x08002064                SpiritManagementWaVcoCalibration
 .text.SpiritManagementWaCmdStrobeRx
                0x080021e4       0x38 ./Drivers/BSP/Components/spirit1/SPIRIT1_Library/Src/SPIRIT_Management.o
                0x080021e4                SpiritManagementWaCmdStrobeRx
 .text.SpiritManagementWaTRxFcMem
                0x0800221c       0x28 ./Drivers/BSP/Components/spirit1/SPIRIT1_Library/Src/SPIRIT_Management.o
                0x0800221c                SpiritManagementWaTRxFcMem
 .text.SpiritManagementWaExtraCurrent
                0x08002244       0x4a ./Drivers/BSP/Components/spirit1/SPIRIT1_Library/Src/SPIRIT_Management.o
                0x08002244                SpiritManagementWaExtraCurrent
 *fill*         0x0800228e        0x2 
 .text.SpiritPktCommonFilterOnCrc
                0x08002290       0x70 ./Drivers/BSP/Components/spirit1/SPIRIT1_Library/Src/SPIRIT_PktCommon.o
                0x08002290                SpiritPktCommonFilterOnCrc
 .text.SpiritPktCommonSetDestinationAddress
                0x08002300       0x34 ./Drivers/BSP/Components/spirit1/SPIRIT1_Library/Src/SPIRIT_PktCommon.o
                0x08002300                SpiritPktCommonSetDestinationAddress
 .text.SpiritPktCommonSetMyAddress
                0x08002334       0x34 ./Drivers/BSP/Components/spirit1/SPIRIT1_Library/Src/SPIRIT_PktCommon.o
                0x08002334                SpiritPktCommonSetMyAddress
 .text.SpiritPktCommonGetReceivedSourceAddress
                0x08002368       0x30 ./Drivers/BSP/Components/spirit1/SPIRIT1_Library/Src/SPIRIT_PktCommon.o
                0x08002368                SpiritPktCommonGetReceivedSourceAddress
 .text.SpiritPktStackInit
                0x08002398      0x1a0 ./Drivers/BSP/Components/spirit1/SPIRIT1_Library/Src/SPIRIT_PktStack.o
                0x08002398                SpiritPktStackInit
 .text.SpiritPktStackAddressesInit
                0x08002538       0xdc ./Drivers/BSP/Components/spirit1/SPIRIT1_Library/Src/SPIRIT_PktStack.o
                0x08002538                SpiritPktStackAddressesInit
 .text.SpiritPktStackLlpInit
                0x08002614       0xa4 ./Drivers/BSP/Components/spirit1/SPIRIT1_Library/Src/SPIRIT_PktStack.o
                0x08002614                SpiritPktStackLlpInit
 .text.SpiritQiSqiCheck
                0x080026b8       0x70 ./Drivers/BSP/Components/spirit1/SPIRIT1_Library/Src/SPIRIT_Qi.o
                0x080026b8                SpiritQiSqiCheck
 .text.SpiritQiSetSqiThreshold
                0x08002728       0x68 ./Drivers/BSP/Components/spirit1/SPIRIT1_Library/Src/SPIRIT_Qi.o
                0x08002728                SpiritQiSetSqiThreshold
 .text.SpiritQiSetRssiThresholddBm
                0x08002790       0x40 ./Drivers/BSP/Components/spirit1/SPIRIT1_Library/Src/SPIRIT_Qi.o
                0x08002790                SpiritQiSetRssiThresholddBm
 .text.SpiritRadioInit
                0x080027d0      0x3c8 ./Drivers/BSP/Components/spirit1/SPIRIT1_Library/Src/SPIRIT_Radio.o
                0x080027d0                SpiritRadioInit
 .text.SpiritRadioSetXtalFlag
                0x08002b98       0x74 ./Drivers/BSP/Components/spirit1/SPIRIT1_Library/Src/SPIRIT_Radio.o
                0x08002b98                SpiritRadioSetXtalFlag
 .text.SpiritRadioSearchWCP
                0x08002c0c      0x128 ./Drivers/BSP/Components/spirit1/SPIRIT1_Library/Src/SPIRIT_Radio.o
                0x08002c0c                SpiritRadioSearchWCP
 .text.SpiritRadioGetSynthWord
                0x08002d34       0x4c ./Drivers/BSP/Components/spirit1/SPIRIT1_Library/Src/SPIRIT_Radio.o
                0x08002d34                SpiritRadioGetSynthWord
 .text.SpiritRadioGetBand
                0x08002d80       0x5c ./Drivers/BSP/Components/spirit1/SPIRIT1_Library/Src/SPIRIT_Radio.o
                0x08002d80                SpiritRadioGetBand
 .text.SpiritRadioGetChannel
                0x08002ddc       0x30 ./Drivers/BSP/Components/spirit1/SPIRIT1_Library/Src/SPIRIT_Radio.o
                0x08002ddc                SpiritRadioGetChannel
 .text.SpiritRadioGetChannelSpace
                0x08002e0c       0x40 ./Drivers/BSP/Components/spirit1/SPIRIT1_Library/Src/SPIRIT_Radio.o
                0x08002e0c                SpiritRadioGetChannelSpace
 .text.SpiritRadioGetFrequencyOffset
                0x08002e4c       0x84 ./Drivers/BSP/Components/spirit1/SPIRIT1_Library/Src/SPIRIT_Radio.o
                0x08002e4c                SpiritRadioGetFrequencyOffset
 .text.SpiritRadioSetFrequencyBase
                0x08002ed0      0x23c ./Drivers/BSP/Components/spirit1/SPIRIT1_Library/Src/SPIRIT_Radio.o
                0x08002ed0                SpiritRadioSetFrequencyBase
 .text.SpiritRadioGetFrequencyBase
                0x0800310c       0x98 ./Drivers/BSP/Components/spirit1/SPIRIT1_Library/Src/SPIRIT_Radio.o
                0x0800310c                SpiritRadioGetFrequencyBase
 .text.SpiritRadioSearchDatarateME
                0x080031a4      0x164 ./Drivers/BSP/Components/spirit1/SPIRIT1_Library/Src/SPIRIT_Radio.o
                0x080031a4                SpiritRadioSearchDatarateME
 .text.SpiritRadioSearchChannelBwME
                0x08003308      0x1cc ./Drivers/BSP/Components/spirit1/SPIRIT1_Library/Src/SPIRIT_Radio.o
                0x08003308                SpiritRadioSearchChannelBwME
 .text.SpiritRadioSearchFreqDevME
                0x080034d4      0x170 ./Drivers/BSP/Components/spirit1/SPIRIT1_Library/Src/SPIRIT_Radio.o
                0x080034d4                SpiritRadioSearchFreqDevME
 .text.SpiritRadioGetdBm2Reg
                0x08003644      0x21c ./Drivers/BSP/Components/spirit1/SPIRIT1_Library/Src/SPIRIT_Radio.o
                0x08003644                SpiritRadioGetdBm2Reg
 .text.SpiritRadioSetPALeveldBm
                0x08003860       0x54 ./Drivers/BSP/Components/spirit1/SPIRIT1_Library/Src/SPIRIT_Radio.o
                0x08003860                SpiritRadioSetPALeveldBm
 .text.SpiritRadioSetPACwc
                0x080038b4       0x58 ./Drivers/BSP/Components/spirit1/SPIRIT1_Library/Src/SPIRIT_Radio.o
                0x080038b4                SpiritRadioSetPACwc
 .text.SpiritRadioSetPALevelMaxIndex
                0x0800390c       0x58 ./Drivers/BSP/Components/spirit1/SPIRIT1_Library/Src/SPIRIT_Radio.o
                0x0800390c                SpiritRadioSetPALevelMaxIndex
 .text.SpiritRadioAFCFreezeOnSync
                0x08003964       0x64 ./Drivers/BSP/Components/spirit1/SPIRIT1_Library/Src/SPIRIT_Radio.o
                0x08003964                SpiritRadioAFCFreezeOnSync
 .text.SpiritRadioSetRefDiv
                0x080039c8       0x60 ./Drivers/BSP/Components/spirit1/SPIRIT1_Library/Src/SPIRIT_Radio.o
                0x080039c8                SpiritRadioSetRefDiv
 .text.SpiritRadioGetRefDiv
                0x08003a28       0x44 ./Drivers/BSP/Components/spirit1/SPIRIT1_Library/Src/SPIRIT_Radio.o
                0x08003a28                SpiritRadioGetRefDiv
 .text.SpiritRadioSetDigDiv
                0x08003a6c       0x60 ./Drivers/BSP/Components/spirit1/SPIRIT1_Library/Src/SPIRIT_Radio.o
                0x08003a6c                SpiritRadioSetDigDiv
 .text.SpiritRadioGetDigDiv
                0x08003acc       0x44 ./Drivers/BSP/Components/spirit1/SPIRIT1_Library/Src/SPIRIT_Radio.o
                0x08003acc                SpiritRadioGetDigDiv
 .text.SpiritRadioGetXtalFrequency
                0x08003b10       0x18 ./Drivers/BSP/Components/spirit1/SPIRIT1_Library/Src/SPIRIT_Radio.o
                0x08003b10                SpiritRadioGetXtalFrequency
 .text.SpiritRadioSetXtalFrequency
                0x08003b28       0x20 ./Drivers/BSP/Components/spirit1/SPIRIT1_Library/Src/SPIRIT_Radio.o
                0x08003b28                SpiritRadioSetXtalFrequency
 .text.SpiritTimerSetRxTimeoutMs
                0x08003b48       0x4c ./Drivers/BSP/Components/spirit1/SPIRIT1_Library/Src/SPIRIT_Timer.o
                0x08003b48                SpiritTimerSetRxTimeoutMs
 .text.SpiritTimerComputeRxTimeoutValues
                0x08003b94      0x268 ./Drivers/BSP/Components/spirit1/SPIRIT1_Library/Src/SPIRIT_Timer.o
                0x08003b94                SpiritTimerComputeRxTimeoutValues
 .text.SpiritTimerSetRxTimeoutStopCondition
                0x08003dfc       0x90 ./Drivers/BSP/Components/spirit1/SPIRIT1_Library/Src/SPIRIT_Timer.o
                0x08003dfc                SpiritTimerSetRxTimeoutStopCondition
 .text.SpiritRefreshStatus
                0x08003e8c       0x44 ./Drivers/BSP/Components/spirit1/SPIRIT1_Library/Src/SPIRIT_Types.o
                0x08003e8c                SpiritRefreshStatus
 .text.RadioSpiInit
                0x08003ed0       0x20 ./Drivers/BSP/Components/spirit1/radio_target.o
                0x08003ed0                RadioSpiInit
 .text.RadioSpiWriteRegisters
                0x08003ef0       0x98 ./Drivers/BSP/Components/spirit1/radio_target.o
                0x08003ef0                RadioSpiWriteRegisters
 .text.RadioSpiReadRegisters
                0x08003f88       0x98 ./Drivers/BSP/Components/spirit1/radio_target.o
                0x08003f88                RadioSpiReadRegisters
 .text.RadioSpiCommandStrobes
                0x08004020       0x80 ./Drivers/BSP/Components/spirit1/radio_target.o
                0x08004020                RadioSpiCommandStrobes
 .text.RadioSpiReadFifo
                0x080040a0       0x90 ./Drivers/BSP/Components/spirit1/radio_target.o
                0x080040a0                RadioSpiReadFifo
 .text.RadioEnterShutdown
                0x08004130       0x16 ./Drivers/BSP/Components/spirit1/radio_target.o
                0x08004130                RadioEnterShutdown
 .text.RadioExitShutdown
                0x08004146       0x32 ./Drivers/BSP/Components/spirit1/radio_target.o
                0x08004146                RadioExitShutdown
 .text.HAL_Init
                0x08004178       0x30 ./Drivers/STM32L4xx_HAL_Driver/stm32l4xx_hal.o
                0x08004178                HAL_Init
 .text.HAL_IncTick
                0x080041a8       0x28 ./Drivers/STM32L4xx_HAL_Driver/stm32l4xx_hal.o
                0x080041a8                HAL_IncTick
 .text.HAL_GetTick
                0x080041d0       0x18 ./Drivers/STM32L4xx_HAL_Driver/stm32l4xx_hal.o
                0x080041d0                HAL_GetTick
 .text.__NVIC_SetPriorityGrouping
                0x080041e8       0x48 ./Drivers/STM32L4xx_HAL_Driver/stm32l4xx_hal_cortex.o
 .text.__NVIC_GetPriorityGrouping
                0x08004230       0x1c ./Drivers/STM32L4xx_HAL_Driver/stm32l4xx_hal_cortex.o
 .text.__NVIC_EnableIRQ
                0x0800424c       0x3c ./Drivers/STM32L4xx_HAL_Driver/stm32l4xx_hal_cortex.o
 .text.__NVIC_DisableIRQ
                0x08004288       0x48 ./Drivers/STM32L4xx_HAL_Driver/stm32l4xx_hal_cortex.o
 .text.__NVIC_SetPriority
                0x080042d0       0x54 ./Drivers/STM32L4xx_HAL_Driver/stm32l4xx_hal_cortex.o
 .text.NVIC_EncodePriority
                0x08004324       0x66 ./Drivers/STM32L4xx_HAL_Driver/stm32l4xx_hal_cortex.o
 .text.HAL_NVIC_SetPriorityGrouping
                0x0800438a       0x16 ./Drivers/STM32L4xx_HAL_Driver/stm32l4xx_hal_cortex.o
                0x0800438a                HAL_NVIC_SetPriorityGrouping
 .text.HAL_NVIC_SetPriority
                0x080043a0       0x38 ./Drivers/STM32L4xx_HAL_Driver/stm32l4xx_hal_cortex.o
                0x080043a0                HAL_NVIC_SetPriority
 .text.HAL_NVIC_EnableIRQ
                0x080043d8       0x1c ./Drivers/STM32L4xx_HAL_Driver/stm32l4xx_hal_cortex.o
                0x080043d8                HAL_NVIC_EnableIRQ
 .text.HAL_NVIC_DisableIRQ
                0x080043f4       0x1c ./Drivers/STM32L4xx_HAL_Driver/stm32l4xx_hal_cortex.o
                0x080043f4                HAL_NVIC_DisableIRQ
 .text.HAL_GPIO_Init
                0x08004410      0x354 ./Drivers/STM32L4xx_HAL_Driver/stm32l4xx_hal_gpio.o
                0x08004410                HAL_GPIO_Init
 .text.HAL_GPIO_WritePin
                0x08004764       0x30 ./Drivers/STM32L4xx_HAL_Driver/stm32l4xx_hal_gpio.o
                0x08004764                HAL_GPIO_WritePin
 .text.HAL_GPIO_EXTI_IRQHandler
                0x08004794       0x30 ./Drivers/STM32L4xx_HAL_Driver/stm32l4xx_hal_gpio.o
                0x08004794                HAL_GPIO_EXTI_IRQHandler
 .text.HAL_PWREx_GetVoltageRange
                0x080047c4       0x1c ./Drivers/STM32L4xx_HAL_Driver/stm32l4xx_hal_pwr_ex.o
                0x080047c4                HAL_PWREx_GetVoltageRange
 .text.HAL_PWREx_ControlVoltageScaling
                0x080047e0       0xac ./Drivers/STM32L4xx_HAL_Driver/stm32l4xx_hal_pwr_ex.o
                0x080047e0                HAL_PWREx_ControlVoltageScaling
 .text.HAL_RCC_OscConfig
                0x0800488c      0x7b8 ./Drivers/STM32L4xx_HAL_Driver/stm32l4xx_hal_rcc.o
                0x0800488c                HAL_RCC_OscConfig
 .text.HAL_RCC_ClockConfig
                0x08005044      0x200 ./Drivers/STM32L4xx_HAL_Driver/stm32l4xx_hal_rcc.o
                0x08005044                HAL_RCC_ClockConfig
 .text.HAL_RCC_GetSysClockFreq
                0x08005244      0x118 ./Drivers/STM32L4xx_HAL_Driver/stm32l4xx_hal_rcc.o
                0x08005244                HAL_RCC_GetSysClockFreq
 .text.HAL_RCC_GetHCLKFreq
                0x0800535c       0x18 ./Drivers/STM32L4xx_HAL_Driver/stm32l4xx_hal_rcc.o
                0x0800535c                HAL_RCC_GetHCLKFreq
 .text.HAL_RCC_GetPCLK2Freq
                0x08005374       0x2c ./Drivers/STM32L4xx_HAL_Driver/stm32l4xx_hal_rcc.o
                0x08005374                HAL_RCC_GetPCLK2Freq
 .text.HAL_RCC_GetClockConfig
                0x080053a0       0x64 ./Drivers/STM32L4xx_HAL_Driver/stm32l4xx_hal_rcc.o
                0x080053a0                HAL_RCC_GetClockConfig
 .text.RCC_SetFlashLatencyFromMSIRange
                0x08005404       0xc0 ./Drivers/STM32L4xx_HAL_Driver/stm32l4xx_hal_rcc.o
 .text.HAL_SPI_Init
                0x080054c4      0x146 ./Drivers/STM32L4xx_HAL_Driver/stm32l4xx_hal_spi.o
                0x080054c4                HAL_SPI_Init
 .text.HAL_SPI_Transmit
                0x0800560a      0x2ea ./Drivers/STM32L4xx_HAL_Driver/stm32l4xx_hal_spi.o
                0x0800560a                HAL_SPI_Transmit
 .text.HAL_SPI_Receive
                0x080058f4      0x26e ./Drivers/STM32L4xx_HAL_Driver/stm32l4xx_hal_spi.o
                0x080058f4                HAL_SPI_Receive
 .text.HAL_SPI_TransmitReceive
                0x08005b62      0x444 ./Drivers/STM32L4xx_HAL_Driver/stm32l4xx_hal_spi.o
                0x08005b62                HAL_SPI_TransmitReceive
 *fill*         0x08005fa6        0x2 
 .text.SPI_WaitFlagStateUntilTimeout
                0x08005fa8      0x110 ./Drivers/STM32L4xx_HAL_Driver/stm32l4xx_hal_spi.o
 .text.SPI_WaitFifoStateUntilTimeout
                0x080060b8      0x12c ./Drivers/STM32L4xx_HAL_Driver/stm32l4xx_hal_spi.o
 .text.SPI_EndRxTransaction
                0x080061e4       0xb0 ./Drivers/STM32L4xx_HAL_Driver/stm32l4xx_hal_spi.o
 .text.SPI_EndRxTxTransaction
                0x08006294       0x8c ./Drivers/STM32L4xx_HAL_Driver/stm32l4xx_hal_spi.o
 .text.HAL_TIM_Base_Init
                0x08006320       0xae ./Drivers/STM32L4xx_HAL_Driver/stm32l4xx_hal_tim.o
                0x08006320                HAL_TIM_Base_Init
 .text.HAL_TIM_Base_MspInit
                0x080063ce       0x14 ./Drivers/STM32L4xx_HAL_Driver/stm32l4xx_hal_tim.o
                0x080063ce                HAL_TIM_Base_MspInit
 *fill*         0x080063e2        0x2 
 .text.HAL_TIM_Base_Start_IT
                0x080063e4       0xe0 ./Drivers/STM32L4xx_HAL_Driver/stm32l4xx_hal_tim.o
                0x080063e4                HAL_TIM_Base_Start_IT
 .text.HAL_TIM_IRQHandler
                0x080064c4      0x204 ./Drivers/STM32L4xx_HAL_Driver/stm32l4xx_hal_tim.o
                0x080064c4                HAL_TIM_IRQHandler
 .text.HAL_TIM_OC_DelayElapsedCallback
                0x080066c8       0x14 ./Drivers/STM32L4xx_HAL_Driver/stm32l4xx_hal_tim.o
                0x080066c8                HAL_TIM_OC_DelayElapsedCallback
 .text.HAL_TIM_IC_CaptureCallback
                0x080066dc       0x14 ./Drivers/STM32L4xx_HAL_Driver/stm32l4xx_hal_tim.o
                0x080066dc                HAL_TIM_IC_CaptureCallback
 .text.HAL_TIM_PWM_PulseFinishedCallback
                0x080066f0       0x14 ./Drivers/STM32L4xx_HAL_Driver/stm32l4xx_hal_tim.o
                0x080066f0                HAL_TIM_PWM_PulseFinishedCallback
 .text.HAL_TIM_TriggerCallback
                0x08006704       0x14 ./Drivers/STM32L4xx_HAL_Driver/stm32l4xx_hal_tim.o
                0x08006704                HAL_TIM_TriggerCallback
 .text.TIM_Base_SetConfig
                0x08006718      0x134 ./Drivers/STM32L4xx_HAL_Driver/stm32l4xx_hal_tim.o
                0x08006718                TIM_Base_SetConfig
 .text.HAL_TIMEx_CommutCallback
                0x0800684c       0x14 ./Drivers/STM32L4xx_HAL_Driver/stm32l4xx_hal_tim_ex.o
                0x0800684c                HAL_TIMEx_CommutCallback
 .text.HAL_TIMEx_BreakCallback
                0x08006860       0x14 ./Drivers/STM32L4xx_HAL_Driver/stm32l4xx_hal_tim_ex.o
                0x08006860                HAL_TIMEx_BreakCallback
 .text.HAL_TIMEx_Break2Callback
                0x08006874       0x14 ./Drivers/STM32L4xx_HAL_Driver/stm32l4xx_hal_tim_ex.o
                0x08006874                HAL_TIMEx_Break2Callback
 .text.SysTick_Handler
                0x08006888       0x20 ./Middlewares/FreeRTOS/cmsis_os2.o
                0x08006888                SysTick_Handler
 .text.vApplicationGetIdleTaskMemory
                0x080068a8       0x34 ./Middlewares/FreeRTOS/cmsis_os2.o
                0x080068a8                vApplicationGetIdleTaskMemory
 .text.vApplicationGetTimerTaskMemory
                0x080068dc       0x34 ./Middlewares/FreeRTOS/cmsis_os2.o
                0x080068dc                vApplicationGetTimerTaskMemory
 .text.pvPortMalloc
                0x08006910      0x19c ./Middlewares/FreeRTOS/heap_4.o
                0x08006910                pvPortMalloc
 .text.vPortFree
                0x08006aac       0xc8 ./Middlewares/FreeRTOS/heap_4.o
                0x08006aac                vPortFree
 .text.prvHeapInit
                0x08006b74       0xc4 ./Middlewares/FreeRTOS/heap_4.o
 .text.prvInsertBlockIntoFreeList
                0x08006c38       0xb4 ./Middlewares/FreeRTOS/heap_4.o
 .text.vListInitialise
                0x08006cec       0x40 ./Middlewares/FreeRTOS/list.o
                0x08006cec                vListInitialise
 .text.vListInitialiseItem
                0x08006d2c       0x1a ./Middlewares/FreeRTOS/list.o
                0x08006d2c                vListInitialiseItem
 .text.vListInsertEnd
                0x08006d46       0x48 ./Middlewares/FreeRTOS/list.o
                0x08006d46                vListInsertEnd
 .text.vListInsert
                0x08006d8e       0x72 ./Middlewares/FreeRTOS/list.o
                0x08006d8e                vListInsert
 .text.uxListRemove
                0x08006e00       0x54 ./Middlewares/FreeRTOS/list.o
                0x08006e00                uxListRemove
 .text.pxPortInitialiseStack
                0x08006e54       0x68 ./Middlewares/FreeRTOS/port.o
                0x08006e54                pxPortInitialiseStack
 .text.prvTaskExitError
                0x08006ebc       0x5c ./Middlewares/FreeRTOS/port.o
 *fill*         0x08006f18        0x8 
 .text.SVC_Handler
                0x08006f20       0x28 ./Middlewares/FreeRTOS/port.o
                0x08006f20                SVC_Handler
 .text.prvPortStartFirstTask
                0x08006f48       0x28 ./Middlewares/FreeRTOS/port.o
 .text.xPortStartScheduler
                0x08006f70      0x148 ./Middlewares/FreeRTOS/port.o
                0x08006f70                xPortStartScheduler
 .text.vPortEnterCritical
                0x080070b8       0x64 ./Middlewares/FreeRTOS/port.o
                0x080070b8                vPortEnterCritical
 .text.vPortExitCritical
                0x0800711c       0x54 ./Middlewares/FreeRTOS/port.o
                0x0800711c                vPortExitCritical
 .text.PendSV_Handler
                0x08007170       0x68 ./Middlewares/FreeRTOS/port.o
                0x08007170                PendSV_Handler
 .text.xPortSysTickHandler
                0x080071d8       0x44 ./Middlewares/FreeRTOS/port.o
                0x080071d8                xPortSysTickHandler
 .text.vPortSetupTimerInterrupt
                0x0800721c       0x48 ./Middlewares/FreeRTOS/port.o
                0x0800721c                vPortSetupTimerInterrupt
 .text.vPortEnableVFP
                0x08007264       0x14 ./Middlewares/FreeRTOS/port.o
 .text.vPortValidateInterruptPriority
                0x08007278       0x84 ./Middlewares/FreeRTOS/port.o
                0x08007278                vPortValidateInterruptPriority
 .text.xQueueGenericReset
                0x080072fc       0xd4 ./Middlewares/FreeRTOS/queue.o
                0x080072fc                xQueueGenericReset
 .text.xQueueGenericCreateStatic
                0x080073d0       0xfa ./Middlewares/FreeRTOS/queue.o
                0x080073d0                xQueueGenericCreateStatic
 .text.xQueueGenericCreate
                0x080074ca       0x76 ./Middlewares/FreeRTOS/queue.o
                0x080074ca                xQueueGenericCreate
 .text.prvInitialiseNewQueue
                0x08007540       0x46 ./Middlewares/FreeRTOS/queue.o
 .text.prvInitialiseMutex
                0x08007586       0x34 ./Middlewares/FreeRTOS/queue.o
 .text.xQueueCreateMutex
                0x080075ba       0x30 ./Middlewares/FreeRTOS/queue.o
                0x080075ba                xQueueCreateMutex
 *fill*         0x080075ea        0x2 
 .text.xQueueGenericSend
                0x080075ec      0x204 ./Middlewares/FreeRTOS/queue.o
                0x080075ec                xQueueGenericSend
 .text.xQueueGenericSendFromISR
                0x080077f0      0x13c ./Middlewares/FreeRTOS/queue.o
                0x080077f0                xQueueGenericSendFromISR
 .text.xQueueReceive
                0x0800792c      0x1c4 ./Middlewares/FreeRTOS/queue.o
                0x0800792c                xQueueReceive
 .text.xQueueSemaphoreTake
                0x08007af0      0x220 ./Middlewares/FreeRTOS/queue.o
                0x08007af0                xQueueSemaphoreTake
 .text.prvGetDisinheritPriorityAfterTimeout
                0x08007d10       0x30 ./Middlewares/FreeRTOS/queue.o
 .text.prvCopyDataToQueue
                0x08007d40       0xd4 ./Middlewares/FreeRTOS/queue.o
 .text.prvCopyDataFromQueue
                0x08007e14       0x4c ./Middlewares/FreeRTOS/queue.o
 .text.prvUnlockQueue
                0x08007e60       0xa4 ./Middlewares/FreeRTOS/queue.o
 .text.prvIsQueueEmpty
                0x08007f04       0x2c ./Middlewares/FreeRTOS/queue.o
 .text.prvIsQueueFull
                0x08007f30       0x30 ./Middlewares/FreeRTOS/queue.o
 .text.vQueueAddToRegistry
                0x08007f60       0x54 ./Middlewares/FreeRTOS/queue.o
                0x08007f60                vQueueAddToRegistry
 .text.vQueueWaitForMessageRestricted
                0x08007fb4       0x68 ./Middlewares/FreeRTOS/queue.o
                0x08007fb4                vQueueWaitForMessageRestricted
 .text.xTaskCreateStatic
                0x0800801c       0xc0 ./Middlewares/FreeRTOS/tasks.o
                0x0800801c                xTaskCreateStatic
 .text.xTaskCreate
                0x080080dc       0x8a ./Middlewares/FreeRTOS/tasks.o
                0x080080dc                xTaskCreate
 *fill*         0x08008166        0x2 
 .text.prvInitialiseNewTask
                0x08008168      0x154 ./Middlewares/FreeRTOS/tasks.o
 .text.prvAddNewTaskToReadyList
                0x080082bc       0xe0 ./Middlewares/FreeRTOS/tasks.o
 .text.vTaskDelete
                0x0800839c       0xe8 ./Middlewares/FreeRTOS/tasks.o
                0x0800839c                vTaskDelete
 .text.vTaskDelay
                0x08008484       0x6c ./Middlewares/FreeRTOS/tasks.o
                0x08008484                vTaskDelay
 .text.vTaskStartScheduler
                0x080084f0       0xe4 ./Middlewares/FreeRTOS/tasks.o
                0x080084f0                vTaskStartScheduler
 .text.vTaskSuspendAll
                0x080085d4       0x1c ./Middlewares/FreeRTOS/tasks.o
                0x080085d4                vTaskSuspendAll
 .text.xTaskResumeAll
                0x080085f0      0x13c ./Middlewares/FreeRTOS/tasks.o
                0x080085f0                xTaskResumeAll
 .text.xTaskGetTickCount
                0x0800872c       0x20 ./Middlewares/FreeRTOS/tasks.o
                0x0800872c                xTaskGetTickCount
 .text.xTaskIncrementTick
                0x0800874c      0x174 ./Middlewares/FreeRTOS/tasks.o
                0x0800874c                xTaskIncrementTick
 .text.vTaskSwitchContext
                0x080088c0      0x100 ./Middlewares/FreeRTOS/tasks.o
                0x080088c0                vTaskSwitchContext
 .text.vTaskPlaceOnEventList
                0x080089c0       0x4c ./Middlewares/FreeRTOS/tasks.o
                0x080089c0                vTaskPlaceOnEventList
 .text.vTaskPlaceOnEventListRestricted
                0x08008a0c       0x58 ./Middlewares/FreeRTOS/tasks.o
                0x08008a0c                vTaskPlaceOnEventListRestricted
 .text.xTaskRemoveFromEventList
                0x08008a64       0xc8 ./Middlewares/FreeRTOS/tasks.o
                0x08008a64                xTaskRemoveFromEventList
 .text.vTaskInternalSetTimeOutState
                0x08008b2c       0x2c ./Middlewares/FreeRTOS/tasks.o
                0x08008b2c                vTaskInternalSetTimeOutState
 .text.xTaskCheckForTimeOut
                0x08008b58       0xc8 ./Middlewares/FreeRTOS/tasks.o
                0x08008b58                xTaskCheckForTimeOut
 .text.vTaskMissedYield
                0x08008c20       0x18 ./Middlewares/FreeRTOS/tasks.o
                0x08008c20                vTaskMissedYield
 .text.prvIdleTask
                0x08008c38       0x30 ./Middlewares/FreeRTOS/tasks.o
 .text.prvInitialiseTaskLists
                0x08008c68       0x80 ./Middlewares/FreeRTOS/tasks.o
 .text.prvCheckTasksWaitingTermination
                0x08008ce8       0x5c ./Middlewares/FreeRTOS/tasks.o
 .text.prvDeleteTCB
                0x08008d44       0x6a ./Middlewares/FreeRTOS/tasks.o
 *fill*         0x08008dae        0x2 
 .text.prvResetNextTaskUnblockTime
                0x08008db0       0x40 ./Middlewares/FreeRTOS/tasks.o
 .text.xTaskGetSchedulerState
                0x08008df0       0x3c ./Middlewares/FreeRTOS/tasks.o
                0x08008df0                xTaskGetSchedulerState
 .text.xTaskPriorityInherit
                0x08008e2c       0xd0 ./Middlewares/FreeRTOS/tasks.o
                0x08008e2c                xTaskPriorityInherit
 .text.xTaskPriorityDisinherit
                0x08008efc       0xe0 ./Middlewares/FreeRTOS/tasks.o
                0x08008efc                xTaskPriorityDisinherit
 .text.vTaskPriorityDisinheritAfterTimeout
                0x08008fdc      0x108 ./Middlewares/FreeRTOS/tasks.o
                0x08008fdc                vTaskPriorityDisinheritAfterTimeout
 .text.pvTaskIncrementMutexHeldCount
                0x080090e4       0x28 ./Middlewares/FreeRTOS/tasks.o
                0x080090e4                pvTaskIncrementMutexHeldCount
 .text.prvAddCurrentTaskToDelayedList
                0x0800910c       0xa8 ./Middlewares/FreeRTOS/tasks.o
 .text.xTimerCreateTimerTask
                0x080091b4       0x94 ./Middlewares/FreeRTOS/timers.o
                0x080091b4                xTimerCreateTimerTask
 .text.xTimerGenericCommand
                0x08009248       0x9c ./Middlewares/FreeRTOS/timers.o
                0x08009248                xTimerGenericCommand
 .text.prvProcessExpiredTimer
                0x080092e4       0x9c ./Middlewares/FreeRTOS/timers.o
 .text.prvTimerTask
                0x08009380       0x26 ./Middlewares/FreeRTOS/timers.o
 *fill*         0x080093a6        0x2 
 .text.prvProcessTimerOrBlockTask
                0x080093a8       0x9c ./Middlewares/FreeRTOS/timers.o
 .text.prvGetNextExpireTime
                0x08009444       0x48 ./Middlewares/FreeRTOS/timers.o
 .text.prvSampleTimeNow
                0x0800948c       0x40 ./Middlewares/FreeRTOS/timers.o
 .text.prvInsertTimerInActiveList
                0x080094cc       0x84 ./Middlewares/FreeRTOS/timers.o
 .text.prvProcessReceivedCommands
                0x08009550      0x1cc ./Middlewares/FreeRTOS/timers.o
 .text.prvSwitchTimerLists
                0x0800971c       0xcc ./Middlewares/FreeRTOS/timers.o
 .text.prvCheckForValidListAndQueue
                0x080097e8       0x80 ./Middlewares/FreeRTOS/timers.o
 .text.sprintf  0x08009868       0x40 C:/ST/STM32CubeIDE_1.15.0/STM32CubeIDE/plugins/com.st.stm32cube.ide.mcu.externaltools.gnu-tools-for-stm32.12.3.rel1.win32_1.0.100.202403111256/tools/bin/../lib/gcc/arm-none-eabi/12.3.1/../../../../arm-none-eabi/lib/thumb/v7e-m+fp/hard\libc_nano.a(libc_a-sprintf.o)
                0x08009868                siprintf
                0x08009868                sprintf
 .text.memset   0x080098a8       0x10 C:/ST/STM32CubeIDE_1.15.0/STM32CubeIDE/plugins/com.st.stm32cube.ide.mcu.externaltools.gnu-tools-for-stm32.12.3.rel1.win32_1.0.100.202403111256/tools/bin/../lib/gcc/arm-none-eabi/12.3.1/../../../../arm-none-eabi/lib/thumb/v7e-m+fp/hard\libc_nano.a(libc_a-memset.o)
                0x080098a8                memset
 .text._reclaim_reent
                0x080098b8       0xac C:/ST/STM32CubeIDE_1.15.0/STM32CubeIDE/plugins/com.st.stm32cube.ide.mcu.externaltools.gnu-tools-for-stm32.12.3.rel1.win32_1.0.100.202403111256/tools/bin/../lib/gcc/arm-none-eabi/12.3.1/../../../../arm-none-eabi/lib/thumb/v7e-m+fp/hard\libc_nano.a(libc_a-reent.o)
                0x080098b8                _reclaim_reent
 .text.__errno  0x08009964        0xc C:/ST/STM32CubeIDE_1.15.0/STM32CubeIDE/plugins/com.st.stm32cube.ide.mcu.externaltools.gnu-tools-for-stm32.12.3.rel1.win32_1.0.100.202403111256/tools/bin/../lib/gcc/arm-none-eabi/12.3.1/../../../../arm-none-eabi/lib/thumb/v7e-m+fp/hard\libc_nano.a(libc_a-errno.o)
                0x08009964                __errno
 .text.__libc_init_array
                0x08009970       0x48 C:/ST/STM32CubeIDE_1.15.0/STM32CubeIDE/plugins/com.st.stm32cube.ide.mcu.externaltools.gnu-tools-for-stm32.12.3.rel1.win32_1.0.100.202403111256/tools/bin/../lib/gcc/arm-none-eabi/12.3.1/../../../../arm-none-eabi/lib/thumb/v7e-m+fp/hard\libc_nano.a(libc_a-init.o)
                0x08009970                __libc_init_array
 .text.__retarget_lock_acquire_recursive
                0x080099b8        0x2 C:/ST/STM32CubeIDE_1.15.0/STM32CubeIDE/plugins/com.st.stm32cube.ide.mcu.externaltools.gnu-tools-for-stm32.12.3.rel1.win32_1.0.100.202403111256/tools/bin/../lib/gcc/arm-none-eabi/12.3.1/../../../../arm-none-eabi/lib/thumb/v7e-m+fp/hard\libc_nano.a(libc_a-lock.o)
                0x080099b8                __retarget_lock_acquire_recursive
 .text.__retarget_lock_release_recursive
                0x080099ba        0x2 C:/ST/STM32CubeIDE_1.15.0/STM32CubeIDE/plugins/com.st.stm32cube.ide.mcu.externaltools.gnu-tools-for-stm32.12.3.rel1.win32_1.0.100.202403111256/tools/bin/../lib/gcc/arm-none-eabi/12.3.1/../../../../arm-none-eabi/lib/thumb/v7e-m+fp/hard\libc_nano.a(libc_a-lock.o)
                0x080099ba                __retarget_lock_release_recursive
 .text.memcpy   0x080099bc       0x1c C:/ST/STM32CubeIDE_1.15.0/STM32CubeIDE/plugins/com.st.stm32cube.ide.mcu.externaltools.gnu-tools-for-stm32.12.3.rel1.win32_1.0.100.202403111256/tools/bin/../lib/gcc/arm-none-eabi/12.3.1/../../../../arm-none-eabi/lib/thumb/v7e-m+fp/hard\libc_nano.a(libc_a-memcpy-stub.o)
                0x080099bc                memcpy
 .text._free_r  0x080099d8       0x94 C:/ST/STM32CubeIDE_1.15.0/STM32CubeIDE/plugins/com.st.stm32cube.ide.mcu.externaltools.gnu-tools-for-stm32.12.3.rel1.win32_1.0.100.202403111256/tools/bin/../lib/gcc/arm-none-eabi/12.3.1/../../../../arm-none-eabi/lib/thumb/v7e-m+fp/hard\libc_nano.a(libc_a-freer.o)
                0x080099d8                _free_r
 .text.sbrk_aligned
                0x08009a6c       0x44 C:/ST/STM32CubeIDE_1.15.0/STM32CubeIDE/plugins/com.st.stm32cube.ide.mcu.externaltools.gnu-tools-for-stm32.12.3.rel1.win32_1.0.100.202403111256/tools/bin/../lib/gcc/arm-none-eabi/12.3.1/../../../../arm-none-eabi/lib/thumb/v7e-m+fp/hard\libc_nano.a(libc_a-mallocr.o)
 .text._malloc_r
                0x08009ab0      0x100 C:/ST/STM32CubeIDE_1.15.0/STM32CubeIDE/plugins/com.st.stm32cube.ide.mcu.externaltools.gnu-tools-for-stm32.12.3.rel1.win32_1.0.100.202403111256/tools/bin/../lib/gcc/arm-none-eabi/12.3.1/../../../../arm-none-eabi/lib/thumb/v7e-m+fp/hard\libc_nano.a(libc_a-mallocr.o)
                0x08009ab0                _malloc_r
 .text.__malloc_lock
                0x08009bb0        0xc C:/ST/STM32CubeIDE_1.15.0/STM32CubeIDE/plugins/com.st.stm32cube.ide.mcu.externaltools.gnu-tools-for-stm32.12.3.rel1.win32_1.0.100.202403111256/tools/bin/../lib/gcc/arm-none-eabi/12.3.1/../../../../arm-none-eabi/lib/thumb/v7e-m+fp/hard\libc_nano.a(libc_a-mlock.o)
                0x08009bb0                __malloc_lock
 .text.__malloc_unlock
                0x08009bbc        0xc C:/ST/STM32CubeIDE_1.15.0/STM32CubeIDE/plugins/com.st.stm32cube.ide.mcu.externaltools.gnu-tools-for-stm32.12.3.rel1.win32_1.0.100.202403111256/tools/bin/../lib/gcc/arm-none-eabi/12.3.1/../../../../arm-none-eabi/lib/thumb/v7e-m+fp/hard\libc_nano.a(libc_a-mlock.o)
                0x08009bbc                __malloc_unlock
 .text.__ssputs_r
                0x08009bc8       0xb6 C:/ST/STM32CubeIDE_1.15.0/STM32CubeIDE/plugins/com.st.stm32cube.ide.mcu.externaltools.gnu-tools-for-stm32.12.3.rel1.win32_1.0.100.202403111256/tools/bin/../lib/gcc/arm-none-eabi/12.3.1/../../../../arm-none-eabi/lib/thumb/v7e-m+fp/hard\libc_nano.a(libc_a-nano-svfprintf.o)
                0x08009bc8                __ssputs_r
 *fill*         0x08009c7e        0x2 
 .text._svfprintf_r
                0x08009c80      0x1f8 C:/ST/STM32CubeIDE_1.15.0/STM32CubeIDE/plugins/com.st.stm32cube.ide.mcu.externaltools.gnu-tools-for-stm32.12.3.rel1.win32_1.0.100.202403111256/tools/bin/../lib/gcc/arm-none-eabi/12.3.1/../../../../arm-none-eabi/lib/thumb/v7e-m+fp/hard\libc_nano.a(libc_a-nano-svfprintf.o)
                0x08009c80                _svfiprintf_r
                0x08009c80                _svfprintf_r
 .text._printf_common
                0x08009e78       0xda C:/ST/STM32CubeIDE_1.15.0/STM32CubeIDE/plugins/com.st.stm32cube.ide.mcu.externaltools.gnu-tools-for-stm32.12.3.rel1.win32_1.0.100.202403111256/tools/bin/../lib/gcc/arm-none-eabi/12.3.1/../../../../arm-none-eabi/lib/thumb/v7e-m+fp/hard\libc_nano.a(libc_a-nano-vfprintf_i.o)
                0x08009e78                _printf_common
 *fill*         0x08009f52        0x2 
 .text._printf_i
                0x08009f54      0x240 C:/ST/STM32CubeIDE_1.15.0/STM32CubeIDE/plugins/com.st.stm32cube.ide.mcu.externaltools.gnu-tools-for-stm32.12.3.rel1.win32_1.0.100.202403111256/tools/bin/../lib/gcc/arm-none-eabi/12.3.1/../../../../arm-none-eabi/lib/thumb/v7e-m+fp/hard\libc_nano.a(libc_a-nano-vfprintf_i.o)
                0x08009f54                _printf_i
 .text.memmove  0x0800a194       0x34 C:/ST/STM32CubeIDE_1.15.0/STM32CubeIDE/plugins/com.st.stm32cube.ide.mcu.externaltools.gnu-tools-for-stm32.12.3.rel1.win32_1.0.100.202403111256/tools/bin/../lib/gcc/arm-none-eabi/12.3.1/../../../../arm-none-eabi/lib/thumb/v7e-m+fp/hard\libc_nano.a(libc_a-memmove.o)
                0x0800a194                memmove
 .text._sbrk_r  0x0800a1c8       0x20 C:/ST/STM32CubeIDE_1.15.0/STM32CubeIDE/plugins/com.st.stm32cube.ide.mcu.externaltools.gnu-tools-for-stm32.12.3.rel1.win32_1.0.100.202403111256/tools/bin/../lib/gcc/arm-none-eabi/12.3.1/../../../../arm-none-eabi/lib/thumb/v7e-m+fp/hard\libc_nano.a(libc_a-sbrkr.o)
                0x0800a1c8                _sbrk_r
 .text._realloc_r
                0x0800a1e8       0x5c C:/ST/STM32CubeIDE_1.15.0/STM32CubeIDE/plugins/com.st.stm32cube.ide.mcu.externaltools.gnu-tools-for-stm32.12.3.rel1.win32_1.0.100.202403111256/tools/bin/../lib/gcc/arm-none-eabi/12.3.1/../../../../arm-none-eabi/lib/thumb/v7e-m+fp/hard\libc_nano.a(libc_a-reallocr.o)
                0x0800a1e8                _realloc_r
 .text._malloc_usable_size_r
                0x0800a244       0x10 C:/ST/STM32CubeIDE_1.15.0/STM32CubeIDE/plugins/com.st.stm32cube.ide.mcu.externaltools.gnu-tools-for-stm32.12.3.rel1.win32_1.0.100.202403111256/tools/bin/../lib/gcc/arm-none-eabi/12.3.1/../../../../arm-none-eabi/lib/thumb/v7e-m+fp/hard\libc_nano.a(libc_a-msizer.o)
                0x0800a244                _malloc_usable_size_r
 .text.round    0x0800a254       0x8c C:/ST/STM32CubeIDE_1.15.0/STM32CubeIDE/plugins/com.st.stm32cube.ide.mcu.externaltools.gnu-tools-for-stm32.12.3.rel1.win32_1.0.100.202403111256/tools/bin/../lib/gcc/arm-none-eabi/12.3.1/../../../../arm-none-eabi/lib/thumb/v7e-m+fp/hard\libm.a(libm_a-s_round.o)
                0x0800a254                round
 *(.glue_7)
 .glue_7        0x0800a2e0        0x0 linker stubs
 *(.glue_7t)
 .glue_7t       0x0800a2e0        0x0 linker stubs
 *(.eh_frame)
 .eh_frame      0x0800a2e0        0x0 C:/ST/STM32CubeIDE_1.15.0/STM32CubeIDE/plugins/com.st.stm32cube.ide.mcu.externaltools.gnu-tools-for-stm32.12.3.rel1.win32_1.0.100.202403111256/tools/bin/../lib/gcc/arm-none-eabi/12.3.1/thumb/v7e-m+fp/hard/crtbegin.o
 *(.init)
 .init          0x0800a2e0        0x4 C:/ST/STM32CubeIDE_1.15.0/STM32CubeIDE/plugins/com.st.stm32cube.ide.mcu.externaltools.gnu-tools-for-stm32.12.3.rel1.win32_1.0.100.202403111256/tools/bin/../lib/gcc/arm-none-eabi/12.3.1/thumb/v7e-m+fp/hard/crti.o
                0x0800a2e0                _init
 .init          0x0800a2e4        0x8 C:/ST/STM32CubeIDE_1.15.0/STM32CubeIDE/plugins/com.st.stm32cube.ide.mcu.externaltools.gnu-tools-for-stm32.12.3.rel1.win32_1.0.100.202403111256/tools/bin/../lib/gcc/arm-none-eabi/12.3.1/thumb/v7e-m+fp/hard/crtn.o
 *(.fini)
 .fini          0x0800a2ec        0x4 C:/ST/STM32CubeIDE_1.15.0/STM32CubeIDE/plugins/com.st.stm32cube.ide.mcu.externaltools.gnu-tools-for-stm32.12.3.rel1.win32_1.0.100.202403111256/tools/bin/../lib/gcc/arm-none-eabi/12.3.1/thumb/v7e-m+fp/hard/crti.o
                0x0800a2ec                _fini
 .fini          0x0800a2f0        0x8 C:/ST/STM32CubeIDE_1.15.0/STM32CubeIDE/plugins/com.st.stm32cube.ide.mcu.externaltools.gnu-tools-for-stm32.12.3.rel1.win32_1.0.100.202403111256/tools/bin/../lib/gcc/arm-none-eabi/12.3.1/thumb/v7e-m+fp/hard/crtn.o
                0x0800a2f8                        . = ALIGN (0x4)
                0x0800a2f8                        _etext = .

.vfp11_veneer   0x0800a2f8        0x0
 .vfp11_veneer  0x0800a2f8        0x0 linker stubs

.v4_bx          0x0800a2f8        0x0
 .v4_bx         0x0800a2f8        0x0 linker stubs

.iplt           0x0800a2f8        0x0
 .iplt          0x0800a2f8        0x0 C:/ST/STM32CubeIDE_1.15.0/STM32CubeIDE/plugins/com.st.stm32cube.ide.mcu.externaltools.gnu-tools-for-stm32.12.3.rel1.win32_1.0.100.202403111256/tools/bin/../lib/gcc/arm-none-eabi/12.3.1/thumb/v7e-m+fp/hard/crtbegin.o

.rodata         0x0800a2f8      0x2d0
                0x0800a2f8                        . = ALIGN (0x4)
 *(.rodata)
 .rodata        0x0800a2f8       0xa8 ./Core/Src/dataMeasurements.o
 .rodata        0x0800a3a0       0x36 ./Core/Src/main.o
 *fill*         0x0800a3d6        0x2 
 .rodata        0x0800a3d8        0x5 ./Middlewares/FreeRTOS/tasks.o
 *fill*         0x0800a3dd        0x3 
 .rodata        0x0800a3e0        0xd ./Middlewares/FreeRTOS/timers.o
 *(.rodata*)
 *fill*         0x0800a3ed        0x3 
 .rodata.AHBPrescTable
                0x0800a3f0       0x10 ./Core/Src/system_stm32l4xx.o
                0x0800a3f0                AHBPrescTable
 .rodata.APBPrescTable
                0x0800a400        0x8 ./Core/Src/system_stm32l4xx.o
                0x0800a400                APBPrescTable
 .rodata.MSIRangeTable
                0x0800a408       0x30 ./Core/Src/system_stm32l4xx.o
                0x0800a408                MSIRangeTable
 .rodata.s_vectcBandRegValue
                0x0800a438        0x4 ./Drivers/BSP/Components/spirit1/SPIRIT1_Library/Src/SPIRIT_Management.o
 .rodata.s_vectcBHalfFactor
                0x0800a43c        0x4 ./Drivers/BSP/Components/spirit1/SPIRIT1_Library/Src/SPIRIT_Management.o
 .rodata.s_vectcBHalfFactor
                0x0800a440        0x4 ./Drivers/BSP/Components/spirit1/SPIRIT1_Library/Src/SPIRIT_Radio.o
 .rodata.s_vectcBandRegValue
                0x0800a444        0x4 ./Drivers/BSP/Components/spirit1/SPIRIT1_Library/Src/SPIRIT_Radio.o
 .rodata.s_vectnBandwidth26M
                0x0800a448       0xb4 ./Drivers/BSP/Components/spirit1/SPIRIT1_Library/Src/SPIRIT_Radio.o
 .rodata.s_vectnVCOFreq
                0x0800a4fc       0x20 ./Drivers/BSP/Components/spirit1/SPIRIT1_Library/Src/SPIRIT_Radio.o
 .rodata.fPowerFactors
                0x0800a51c       0x78 ./Drivers/BSP/Components/spirit1/SPIRIT1_Library/Src/SPIRIT_Radio.o
 .rodata._svfprintf_r.str1.1
                0x0800a594       0x11 C:/ST/STM32CubeIDE_1.15.0/STM32CubeIDE/plugins/com.st.stm32cube.ide.mcu.externaltools.gnu-tools-for-stm32.12.3.rel1.win32_1.0.100.202403111256/tools/bin/../lib/gcc/arm-none-eabi/12.3.1/../../../../arm-none-eabi/lib/thumb/v7e-m+fp/hard\libc_nano.a(libc_a-nano-svfprintf.o)
 .rodata._printf_i.str1.1
                0x0800a5a5       0x22 C:/ST/STM32CubeIDE_1.15.0/STM32CubeIDE/plugins/com.st.stm32cube.ide.mcu.externaltools.gnu-tools-for-stm32.12.3.rel1.win32_1.0.100.202403111256/tools/bin/../lib/gcc/arm-none-eabi/12.3.1/../../../../arm-none-eabi/lib/thumb/v7e-m+fp/hard\libc_nano.a(libc_a-nano-vfprintf_i.o)
                0x0800a5c8                        . = ALIGN (0x4)
 *fill*         0x0800a5c7        0x1 

.ARM.extab      0x0800a5c8        0x0
                0x0800a5c8                        . = ALIGN (0x4)
 *(.ARM.extab* .gnu.linkonce.armextab.*)
                0x0800a5c8                        . = ALIGN (0x4)

.ARM            0x0800a5c8        0x8
                0x0800a5c8                        . = ALIGN (0x4)
                0x0800a5c8                        __exidx_start = .
 *(.ARM.exidx*)
 .ARM.exidx     0x0800a5c8        0x8 C:/ST/STM32CubeIDE_1.15.0/STM32CubeIDE/plugins/com.st.stm32cube.ide.mcu.externaltools.gnu-tools-for-stm32.12.3.rel1.win32_1.0.100.202403111256/tools/bin/../lib/gcc/arm-none-eabi/12.3.1/../../../../arm-none-eabi/lib/thumb/v7e-m+fp/hard\libc_nano.a(libc_a-memchr.o)
                0x0800a5d0                        __exidx_end = .
                0x0800a5d0                        . = ALIGN (0x4)

.preinit_array  0x0800a5d0        0x0
                0x0800a5d0                        . = ALIGN (0x4)
                0x0800a5d0                        PROVIDE (__preinit_array_start = .)
 *(.preinit_array*)
                0x0800a5d0                        PROVIDE (__preinit_array_end = .)
                0x0800a5d0                        . = ALIGN (0x4)

.init_array     0x0800a5d0        0x4
                0x0800a5d0                        . = ALIGN (0x4)
                0x0800a5d0                        PROVIDE (__init_array_start = .)
 *(SORT_BY_NAME(.init_array.*))
 *(.init_array*)
 .init_array    0x0800a5d0        0x4 C:/ST/STM32CubeIDE_1.15.0/STM32CubeIDE/plugins/com.st.stm32cube.ide.mcu.externaltools.gnu-tools-for-stm32.12.3.rel1.win32_1.0.100.202403111256/tools/bin/../lib/gcc/arm-none-eabi/12.3.1/thumb/v7e-m+fp/hard/crtbegin.o
                0x0800a5d4                        PROVIDE (__init_array_end = .)
                0x0800a5d4                        . = ALIGN (0x4)

.fini_array     0x0800a5d4        0x4
                0x0800a5d4                        . = ALIGN (0x4)
                [!provide]                        PROVIDE (__fini_array_start = .)
 *(SORT_BY_NAME(.fini_array.*))
 *(.fini_array*)
 .fini_array    0x0800a5d4        0x4 C:/ST/STM32CubeIDE_1.15.0/STM32CubeIDE/plugins/com.st.stm32cube.ide.mcu.externaltools.gnu-tools-for-stm32.12.3.rel1.win32_1.0.100.202403111256/tools/bin/../lib/gcc/arm-none-eabi/12.3.1/thumb/v7e-m+fp/hard/crtbegin.o
                [!provide]                        PROVIDE (__fini_array_end = .)
                0x0800a5d8                        . = ALIGN (0x4)
                0x0800a5d8                        _sidata = LOADADDR (.data)

.rel.dyn        0x0800a5d8        0x0
 .rel.iplt      0x0800a5d8        0x0 C:/ST/STM32CubeIDE_1.15.0/STM32CubeIDE/plugins/com.st.stm32cube.ide.mcu.externaltools.gnu-tools-for-stm32.12.3.rel1.win32_1.0.100.202403111256/tools/bin/../lib/gcc/arm-none-eabi/12.3.1/thumb/v7e-m+fp/hard/crtbegin.o

.data           0x20000000       0x68 load address 0x0800a5d8
                0x20000000                        . = ALIGN (0x4)
                0x20000000                        _sdata = .
 *(.data)
 *(.data*)
 .data.SystemCoreClock
                0x20000000        0x4 ./Core/Src/system_stm32l4xx.o
                0x20000000                SystemCoreClock
 .data.s_cCommunicationState
                0x20000004        0x1 ./Drivers/BSP/Components/spirit1/SPIRIT1_Library/Src/SPIRIT_Management.o
 .data.xDoVcoCalibrationWA
                0x20000005        0x1 ./Drivers/BSP/Components/spirit1/SPIRIT1_Library/Src/SPIRIT_Radio.o
 *fill*         0x20000006        0x2 
 .data.radioSpi
                0x20000008        0x4 ./Drivers/BSP/Components/spirit1/radio_target.o
                0x20000008                radioSpi
 .data.uwTickPrio
                0x2000000c        0x4 ./Drivers/STM32L4xx_HAL_Driver/stm32l4xx_hal.o
                0x2000000c                uwTickPrio
 .data.uwTickFreq
                0x20000010        0x1 ./Drivers/STM32L4xx_HAL_Driver/stm32l4xx_hal.o
                0x20000010                uwTickFreq
 *fill*         0x20000011        0x3 
 .data.uxCriticalNesting
                0x20000014        0x4 ./Middlewares/FreeRTOS/port.o
 .data._impure_ptr
                0x20000018        0x4 C:/ST/STM32CubeIDE_1.15.0/STM32CubeIDE/plugins/com.st.stm32cube.ide.mcu.externaltools.gnu-tools-for-stm32.12.3.rel1.win32_1.0.100.202403111256/tools/bin/../lib/gcc/arm-none-eabi/12.3.1/../../../../arm-none-eabi/lib/thumb/v7e-m+fp/hard\libc_nano.a(libc_a-impure.o)
                0x20000018                _impure_ptr
 .data._impure_data
                0x2000001c       0x4c C:/ST/STM32CubeIDE_1.15.0/STM32CubeIDE/plugins/com.st.stm32cube.ide.mcu.externaltools.gnu-tools-for-stm32.12.3.rel1.win32_1.0.100.202403111256/tools/bin/../lib/gcc/arm-none-eabi/12.3.1/../../../../arm-none-eabi/lib/thumb/v7e-m+fp/hard\libc_nano.a(libc_a-impure.o)
                0x2000001c                _impure_data
 *(.RamFunc)
 *(.RamFunc*)
                0x20000068                        . = ALIGN (0x4)
                0x20000068                        _edata = .

.igot.plt       0x20000068        0x0 load address 0x0800a640
 .igot.plt      0x20000068        0x0 C:/ST/STM32CubeIDE_1.15.0/STM32CubeIDE/plugins/com.st.stm32cube.ide.mcu.externaltools.gnu-tools-for-stm32.12.3.rel1.win32_1.0.100.202403111256/tools/bin/../lib/gcc/arm-none-eabi/12.3.1/thumb/v7e-m+fp/hard/crtbegin.o
                0x20000068                        . = ALIGN (0x4)

.bss            0x20000068     0x1cfc load address 0x0800a640
                0x20000068                        _sbss = .
                0x20000068                        __bss_start__ = _sbss
 *(.bss)
 .bss           0x20000068       0x1c C:/ST/STM32CubeIDE_1.15.0/STM32CubeIDE/plugins/com.st.stm32cube.ide.mcu.externaltools.gnu-tools-for-stm32.12.3.rel1.win32_1.0.100.202403111256/tools/bin/../lib/gcc/arm-none-eabi/12.3.1/thumb/v7e-m+fp/hard/crtbegin.o
 *(.bss*)
 .bss.stick_x1  0x20000084        0x1 ./Core/Src/dataMeasurements.o
                0x20000084                stick_x1
 .bss.stick_y1  0x20000085        0x1 ./Core/Src/dataMeasurements.o
                0x20000085                stick_y1
 .bss.acc_x1    0x20000086        0x2 ./Core/Src/dataMeasurements.o
                0x20000086                acc_x1
 .bss.acc_y1    0x20000088        0x2 ./Core/Src/dataMeasurements.o
                0x20000088                acc_y1
 .bss.acc_z1    0x2000008a        0x2 ./Core/Src/dataMeasurements.o
                0x2000008a                acc_z1
 .bss.button_c1
                0x2000008c        0x1 ./Core/Src/dataMeasurements.o
                0x2000008c                button_c1
 .bss.button_z1
                0x2000008d        0x1 ./Core/Src/dataMeasurements.o
                0x2000008d                button_z1
 .bss.stick_x2  0x2000008e        0x1 ./Core/Src/dataMeasurements.o
                0x2000008e                stick_x2
 .bss.stick_y2  0x2000008f        0x1 ./Core/Src/dataMeasurements.o
                0x2000008f                stick_y2
 .bss.acc_x2    0x20000090        0x2 ./Core/Src/dataMeasurements.o
                0x20000090                acc_x2
 .bss.acc_y2    0x20000092        0x2 ./Core/Src/dataMeasurements.o
                0x20000092                acc_y2
 .bss.acc_z2    0x20000094        0x2 ./Core/Src/dataMeasurements.o
                0x20000094                acc_z2
 .bss.button_c2
                0x20000096        0x1 ./Core/Src/dataMeasurements.o
                0x20000096                button_c2
 .bss.button_z2
                0x20000097        0x1 ./Core/Src/dataMeasurements.o
                0x20000097                button_z2
 .bss.sx_str1   0x20000098        0xd ./Core/Src/dataMeasurements.o
                0x20000098                sx_str1
 *fill*         0x200000a5        0x3 
 .bss.sy_str1   0x200000a8        0xd ./Core/Src/dataMeasurements.o
                0x200000a8                sy_str1
 *fill*         0x200000b5        0x3 
 .bss.ax_str1   0x200000b8        0xd ./Core/Src/dataMeasurements.o
                0x200000b8                ax_str1
 *fill*         0x200000c5        0x3 
 .bss.ay_str1   0x200000c8        0xd ./Core/Src/dataMeasurements.o
                0x200000c8                ay_str1
 *fill*         0x200000d5        0x3 
 .bss.az_str1   0x200000d8        0xd ./Core/Src/dataMeasurements.o
                0x200000d8                az_str1
 *fill*         0x200000e5        0x3 
 .bss.bc_str1   0x200000e8        0xd ./Core/Src/dataMeasurements.o
                0x200000e8                bc_str1
 *fill*         0x200000f5        0x3 
 .bss.bz_str1   0x200000f8        0xd ./Core/Src/dataMeasurements.o
                0x200000f8                bz_str1
 *fill*         0x20000105        0x3 
 .bss.sx_str2   0x20000108        0xd ./Core/Src/dataMeasurements.o
                0x20000108                sx_str2
 *fill*         0x20000115        0x3 
 .bss.sy_str2   0x20000118        0xd ./Core/Src/dataMeasurements.o
                0x20000118                sy_str2
 *fill*         0x20000125        0x3 
 .bss.ax_str2   0x20000128        0xd ./Core/Src/dataMeasurements.o
                0x20000128                ax_str2
 *fill*         0x20000135        0x3 
 .bss.ay_str2   0x20000138        0xd ./Core/Src/dataMeasurements.o
                0x20000138                ay_str2
 *fill*         0x20000145        0x3 
 .bss.az_str2   0x20000148        0xd ./Core/Src/dataMeasurements.o
                0x20000148                az_str2
 *fill*         0x20000155        0x3 
 .bss.bc_str2   0x20000158        0xd ./Core/Src/dataMeasurements.o
                0x20000158                bc_str2
 *fill*         0x20000165        0x3 
 .bss.bz_str2   0x20000168        0xd ./Core/Src/dataMeasurements.o
                0x20000168                bz_str2
 *fill*         0x20000175        0x3 
 .bss.task1Handler
                0x20000178        0x4 ./Core/Src/main.o
                0x20000178                task1Handler
 .bss.task2Handler
                0x2000017c        0x4 ./Core/Src/main.o
                0x2000017c                task2Handler
 .bss.task3Handler
                0x20000180        0x4 ./Core/Src/main.o
                0x20000180                task3Handler
 .bss.sendDataSema
                0x20000184        0x4 ./Core/Src/main.o
                0x20000184                sendDataSema
 .bss.radioMutex
                0x20000188        0x4 ./Core/Src/main.o
                0x20000188                radioMutex
 .bss.retVal    0x2000018c        0x4 ./Core/Src/main.o
                0x2000018c                retVal
 .bss.measurments1
                0x20000190        0x6 ./Core/Src/main.o
                0x20000190                measurments1
 *fill*         0x20000196        0x2 
 .bss.measurments2
                0x20000198        0x6 ./Core/Src/main.o
                0x20000198                measurments2
 .bss.xTxDoneFlag
                0x2000019e        0x1 ./Core/Src/main.o
                0x2000019e                xTxDoneFlag
 .bss.xRxDoneFlag
                0x2000019f        0x1 ./Core/Src/main.o
                0x2000019f                xRxDoneFlag
 .bss.startTick
                0x200001a0        0x4 ./Core/Src/main.o
                0x200001a0                startTick
 .bss.rxLen     0x200001a4        0x1 ./Core/Src/main.o
                0x200001a4                rxLen
 .bss.rxSrcAddr
                0x200001a5        0x1 ./Core/Src/main.o
                0x200001a5                rxSrcAddr
 *fill*         0x200001a6        0x2 
 .bss.hspi1     0x200001a8       0x64 ./Core/Src/spi.o
                0x200001a8                hspi1
 .bss.i.0       0x2000020c        0x4 ./Core/Src/spsgrf.o
 .bss.htim17    0x20000210       0x4c ./Core/Src/stm32l4xx_hal_timebase_tim.o
                0x20000210                htim17
 .bss.__sbrk_heap_end
                0x2000025c        0x4 ./Core/Src/sysmem.o
 .bss.s_nDesiredFrequency
                0x20000260        0x4 ./Drivers/BSP/Components/spirit1/SPIRIT1_Library/Src/SPIRIT_Management.o
 .bss.s_lXtalFrequency
                0x20000264        0x4 ./Drivers/BSP/Components/spirit1/SPIRIT1_Library/Src/SPIRIT_Radio.o
 .bss.g_xStatus
                0x20000268        0x2 ./Drivers/BSP/Components/spirit1/SPIRIT1_Library/Src/SPIRIT_Types.o
                0x20000268                g_xStatus
 *fill*         0x2000026a        0x2 
 .bss.uwTick    0x2000026c        0x4 ./Drivers/STM32L4xx_HAL_Driver/stm32l4xx_hal.o
                0x2000026c                uwTick
 .bss.Idle_TCB.3
                0x20000270       0xac ./Middlewares/FreeRTOS/cmsis_os2.o
 .bss.Idle_Stack.2
                0x2000031c      0x200 ./Middlewares/FreeRTOS/cmsis_os2.o
 .bss.Timer_TCB.1
                0x2000051c       0xac ./Middlewares/FreeRTOS/cmsis_os2.o
 .bss.Timer_Stack.0
                0x200005c8      0x400 ./Middlewares/FreeRTOS/cmsis_os2.o
 .bss.ucHeap    0x200009c8      0xbb8 ./Middlewares/FreeRTOS/heap_4.o
 .bss.xStart    0x20001580        0x8 ./Middlewares/FreeRTOS/heap_4.o
 .bss.pxEnd     0x20001588        0x4 ./Middlewares/FreeRTOS/heap_4.o
 .bss.xFreeBytesRemaining
                0x2000158c        0x4 ./Middlewares/FreeRTOS/heap_4.o
 .bss.xMinimumEverFreeBytesRemaining
                0x20001590        0x4 ./Middlewares/FreeRTOS/heap_4.o
 .bss.xNumberOfSuccessfulAllocations
                0x20001594        0x4 ./Middlewares/FreeRTOS/heap_4.o
 .bss.xNumberOfSuccessfulFrees
                0x20001598        0x4 ./Middlewares/FreeRTOS/heap_4.o
 .bss.xBlockAllocatedBit
                0x2000159c        0x4 ./Middlewares/FreeRTOS/heap_4.o
 .bss.ucMaxSysCallPriority
                0x200015a0        0x1 ./Middlewares/FreeRTOS/port.o
 *fill*         0x200015a1        0x3 
 .bss.ulMaxPRIGROUPValue
                0x200015a4        0x4 ./Middlewares/FreeRTOS/port.o
 .bss.xQueueRegistry
                0x200015a8       0x40 ./Middlewares/FreeRTOS/queue.o
                0x200015a8                xQueueRegistry
 .bss.pxCurrentTCB
                0x200015e8        0x4 ./Middlewares/FreeRTOS/tasks.o
                0x200015e8                pxCurrentTCB
 .bss.pxReadyTasksLists
                0x200015ec      0x460 ./Middlewares/FreeRTOS/tasks.o
 .bss.xDelayedTaskList1
                0x20001a4c       0x14 ./Middlewares/FreeRTOS/tasks.o
 .bss.xDelayedTaskList2
                0x20001a60       0x14 ./Middlewares/FreeRTOS/tasks.o
 .bss.pxDelayedTaskList
                0x20001a74        0x4 ./Middlewares/FreeRTOS/tasks.o
 .bss.pxOverflowDelayedTaskList
                0x20001a78        0x4 ./Middlewares/FreeRTOS/tasks.o
 .bss.xPendingReadyList
                0x20001a7c       0x14 ./Middlewares/FreeRTOS/tasks.o
 .bss.xTasksWaitingTermination
                0x20001a90       0x14 ./Middlewares/FreeRTOS/tasks.o
 .bss.uxDeletedTasksWaitingCleanUp
                0x20001aa4        0x4 ./Middlewares/FreeRTOS/tasks.o
 .bss.xSuspendedTaskList
                0x20001aa8       0x14 ./Middlewares/FreeRTOS/tasks.o
 .bss.uxCurrentNumberOfTasks
                0x20001abc        0x4 ./Middlewares/FreeRTOS/tasks.o
 .bss.xTickCount
                0x20001ac0        0x4 ./Middlewares/FreeRTOS/tasks.o
 .bss.uxTopReadyPriority
                0x20001ac4        0x4 ./Middlewares/FreeRTOS/tasks.o
 .bss.xSchedulerRunning
                0x20001ac8        0x4 ./Middlewares/FreeRTOS/tasks.o
 .bss.xPendedTicks
                0x20001acc        0x4 ./Middlewares/FreeRTOS/tasks.o
 .bss.xYieldPending
                0x20001ad0        0x4 ./Middlewares/FreeRTOS/tasks.o
 .bss.xNumOfOverflows
                0x20001ad4        0x4 ./Middlewares/FreeRTOS/tasks.o
 .bss.uxTaskNumber
                0x20001ad8        0x4 ./Middlewares/FreeRTOS/tasks.o
 .bss.xNextTaskUnblockTime
                0x20001adc        0x4 ./Middlewares/FreeRTOS/tasks.o
 .bss.xIdleTaskHandle
                0x20001ae0        0x4 ./Middlewares/FreeRTOS/tasks.o
 .bss.uxSchedulerSuspended
                0x20001ae4        0x4 ./Middlewares/FreeRTOS/tasks.o
 .bss.ulTaskSwitchedInTime
                0x20001ae8        0x4 ./Middlewares/FreeRTOS/tasks.o
 .bss.ulTotalRunTime
                0x20001aec        0x4 ./Middlewares/FreeRTOS/tasks.o
 .bss.xActiveTimerList1
                0x20001af0       0x14 ./Middlewares/FreeRTOS/timers.o
 .bss.xActiveTimerList2
                0x20001b04       0x14 ./Middlewares/FreeRTOS/timers.o
 .bss.pxCurrentTimerList
                0x20001b18        0x4 ./Middlewares/FreeRTOS/timers.o
 .bss.pxOverflowTimerList
                0x20001b1c        0x4 ./Middlewares/FreeRTOS/timers.o
 .bss.xTimerQueue
                0x20001b20        0x4 ./Middlewares/FreeRTOS/timers.o
 .bss.xTimerTaskHandle
                0x20001b24        0x4 ./Middlewares/FreeRTOS/timers.o
 .bss.xLastTime.2
                0x20001b28        0x4 ./Middlewares/FreeRTOS/timers.o
 .bss.ucStaticTimerQueueStorage.1
                0x20001b2c       0xa0 ./Middlewares/FreeRTOS/timers.o
 .bss.xStaticTimerQueue.0
                0x20001bcc       0x50 ./Middlewares/FreeRTOS/timers.o
 .bss.__sf      0x20001c1c      0x138 C:/ST/STM32CubeIDE_1.15.0/STM32CubeIDE/plugins/com.st.stm32cube.ide.mcu.externaltools.gnu-tools-for-stm32.12.3.rel1.win32_1.0.100.202403111256/tools/bin/../lib/gcc/arm-none-eabi/12.3.1/../../../../arm-none-eabi/lib/thumb/v7e-m+fp/hard\libc_nano.a(libc_a-findfp.o)
                0x20001c1c                __sf
 .bss.errno     0x20001d54        0x4 C:/ST/STM32CubeIDE_1.15.0/STM32CubeIDE/plugins/com.st.stm32cube.ide.mcu.externaltools.gnu-tools-for-stm32.12.3.rel1.win32_1.0.100.202403111256/tools/bin/../lib/gcc/arm-none-eabi/12.3.1/../../../../arm-none-eabi/lib/thumb/v7e-m+fp/hard\libc_nano.a(libc_a-reent.o)
                0x20001d54                errno
 .bss.__lock___malloc_recursive_mutex
                0x20001d58        0x1 C:/ST/STM32CubeIDE_1.15.0/STM32CubeIDE/plugins/com.st.stm32cube.ide.mcu.externaltools.gnu-tools-for-stm32.12.3.rel1.win32_1.0.100.202403111256/tools/bin/../lib/gcc/arm-none-eabi/12.3.1/../../../../arm-none-eabi/lib/thumb/v7e-m+fp/hard\libc_nano.a(libc_a-lock.o)
                0x20001d58                __lock___malloc_recursive_mutex
 *fill*         0x20001d59        0x3 
 .bss.__malloc_sbrk_start
                0x20001d5c        0x4 C:/ST/STM32CubeIDE_1.15.0/STM32CubeIDE/plugins/com.st.stm32cube.ide.mcu.externaltools.gnu-tools-for-stm32.12.3.rel1.win32_1.0.100.202403111256/tools/bin/../lib/gcc/arm-none-eabi/12.3.1/../../../../arm-none-eabi/lib/thumb/v7e-m+fp/hard\libc_nano.a(libc_a-mallocr.o)
                0x20001d5c                __malloc_sbrk_start
 .bss.__malloc_free_list
                0x20001d60        0x4 C:/ST/STM32CubeIDE_1.15.0/STM32CubeIDE/plugins/com.st.stm32cube.ide.mcu.externaltools.gnu-tools-for-stm32.12.3.rel1.win32_1.0.100.202403111256/tools/bin/../lib/gcc/arm-none-eabi/12.3.1/../../../../arm-none-eabi/lib/thumb/v7e-m+fp/hard\libc_nano.a(libc_a-mallocr.o)
                0x20001d60                __malloc_free_list
 *(COMMON)
                0x20001d64                        . = ALIGN (0x4)
                0x20001d64                        _ebss = .
                0x20001d64                        __bss_end__ = _ebss

._user_heap_stack
                0x20001d64      0x604 load address 0x0800a640
                0x20001d68                        . = ALIGN (0x8)
 *fill*         0x20001d64        0x4 
                [!provide]                        PROVIDE (end = .)
                0x20001d68                        PROVIDE (_end = .)
                0x20001f68                        . = (. + _Min_Heap_Size)
 *fill*         0x20001d68      0x200 
                0x20002368                        . = (. + _Min_Stack_Size)
 *fill*         0x20001f68      0x400 
                0x20002368                        . = ALIGN (0x8)

/DISCARD/
 libc.a(*)
 libm.a(*)
 libgcc.a(*)

.ARM.attributes
                0x00000000       0x30
 *(.ARM.attributes)
 .ARM.attributes
                0x00000000       0x22 C:/ST/STM32CubeIDE_1.15.0/STM32CubeIDE/plugins/com.st.stm32cube.ide.mcu.externaltools.gnu-tools-for-stm32.12.3.rel1.win32_1.0.100.202403111256/tools/bin/../lib/gcc/arm-none-eabi/12.3.1/thumb/v7e-m+fp/hard/crti.o
 .ARM.attributes
                0x00000022       0x34 C:/ST/STM32CubeIDE_1.15.0/STM32CubeIDE/plugins/com.st.stm32cube.ide.mcu.externaltools.gnu-tools-for-stm32.12.3.rel1.win32_1.0.100.202403111256/tools/bin/../lib/gcc/arm-none-eabi/12.3.1/thumb/v7e-m+fp/hard/crtbegin.o
 .ARM.attributes
                0x00000056       0x34 ./Core/Src/dataMeasurements.o
 .ARM.attributes
                0x0000008a       0x34 ./Core/Src/freertos.o
 .ARM.attributes
                0x000000be       0x34 ./Core/Src/gpio.o
 .ARM.attributes
                0x000000f2       0x34 ./Core/Src/main.o
 .ARM.attributes
                0x00000126       0x34 ./Core/Src/spi.o
 .ARM.attributes
                0x0000015a       0x34 ./Core/Src/spsgrf.o
 .ARM.attributes
                0x0000018e       0x34 ./Core/Src/stm32l4xx_hal_msp.o
 .ARM.attributes
                0x000001c2       0x34 ./Core/Src/stm32l4xx_hal_timebase_tim.o
 .ARM.attributes
                0x000001f6       0x34 ./Core/Src/stm32l4xx_it.o
 .ARM.attributes
                0x0000022a       0x34 ./Core/Src/sysmem.o
 .ARM.attributes
                0x0000025e       0x34 ./Core/Src/system_stm32l4xx.o
 .ARM.attributes
                0x00000292       0x34 ./Core/Src/uart.o
 .ARM.attributes
                0x000002c6       0x21 ./Core/Startup/startup_stm32l476rgtx.o
 .ARM.attributes
                0x000002e7       0x34 ./Drivers/BSP/Components/spirit1/SPIRIT1_Library/Src/SPIRIT_Calibration.o
 .ARM.attributes
                0x0000031b       0x34 ./Drivers/BSP/Components/spirit1/SPIRIT1_Library/Src/SPIRIT_Commands.o
 .ARM.attributes
                0x0000034f       0x34 ./Drivers/BSP/Components/spirit1/SPIRIT1_Library/Src/SPIRIT_Gpio.o
 .ARM.attributes
                0x00000383       0x34 ./Drivers/BSP/Components/spirit1/SPIRIT1_Library/Src/SPIRIT_Irq.o
 .ARM.attributes
                0x000003b7       0x34 ./Drivers/BSP/Components/spirit1/SPIRIT1_Library/Src/SPIRIT_LinearFifo.o
 .ARM.attributes
                0x000003eb       0x34 ./Drivers/BSP/Components/spirit1/SPIRIT1_Library/Src/SPIRIT_Management.o
 .ARM.attributes
                0x0000041f       0x34 ./Drivers/BSP/Components/spirit1/SPIRIT1_Library/Src/SPIRIT_PktCommon.o
 .ARM.attributes
                0x00000453       0x34 ./Drivers/BSP/Components/spirit1/SPIRIT1_Library/Src/SPIRIT_PktStack.o
 .ARM.attributes
                0x00000487       0x34 ./Drivers/BSP/Components/spirit1/SPIRIT1_Library/Src/SPIRIT_Qi.o
 .ARM.attributes
                0x000004bb       0x34 ./Drivers/BSP/Components/spirit1/SPIRIT1_Library/Src/SPIRIT_Radio.o
 .ARM.attributes
                0x000004ef       0x34 ./Drivers/BSP/Components/spirit1/SPIRIT1_Library/Src/SPIRIT_Timer.o
 .ARM.attributes
                0x00000523       0x34 ./Drivers/BSP/Components/spirit1/SPIRIT1_Library/Src/SPIRIT_Types.o
 .ARM.attributes
                0x00000557       0x34 ./Drivers/BSP/Components/spirit1/radio_target.o
 .ARM.attributes
                0x0000058b       0x34 ./Drivers/STM32L4xx_HAL_Driver/stm32l4xx_hal.o
 .ARM.attributes
                0x000005bf       0x34 ./Drivers/STM32L4xx_HAL_Driver/stm32l4xx_hal_cortex.o
 .ARM.attributes
                0x000005f3       0x34 ./Drivers/STM32L4xx_HAL_Driver/stm32l4xx_hal_gpio.o
 .ARM.attributes
                0x00000627       0x34 ./Drivers/STM32L4xx_HAL_Driver/stm32l4xx_hal_pwr_ex.o
 .ARM.attributes
                0x0000065b       0x34 ./Drivers/STM32L4xx_HAL_Driver/stm32l4xx_hal_rcc.o
 .ARM.attributes
                0x0000068f       0x34 ./Drivers/STM32L4xx_HAL_Driver/stm32l4xx_hal_spi.o
 .ARM.attributes
                0x000006c3       0x34 ./Drivers/STM32L4xx_HAL_Driver/stm32l4xx_hal_tim.o
 .ARM.attributes
                0x000006f7       0x34 ./Drivers/STM32L4xx_HAL_Driver/stm32l4xx_hal_tim_ex.o
 .ARM.attributes
                0x0000072b       0x34 ./Middlewares/FreeRTOS/cmsis_os2.o
 .ARM.attributes
                0x0000075f       0x34 ./Middlewares/FreeRTOS/heap_4.o
 .ARM.attributes
                0x00000793       0x34 ./Middlewares/FreeRTOS/list.o
 .ARM.attributes
                0x000007c7       0x34 ./Middlewares/FreeRTOS/port.o
 .ARM.attributes
                0x000007fb       0x34 ./Middlewares/FreeRTOS/queue.o
 .ARM.attributes
                0x0000082f       0x34 ./Middlewares/FreeRTOS/tasks.o
 .ARM.attributes
                0x00000863       0x34 ./Middlewares/FreeRTOS/timers.o
 .ARM.attributes
                0x00000897       0x34 C:/ST/STM32CubeIDE_1.15.0/STM32CubeIDE/plugins/com.st.stm32cube.ide.mcu.externaltools.gnu-tools-for-stm32.12.3.rel1.win32_1.0.100.202403111256/tools/bin/../lib/gcc/arm-none-eabi/12.3.1/../../../../arm-none-eabi/lib/thumb/v7e-m+fp/hard\libc_nano.a(libc_a-findfp.o)
 .ARM.attributes
                0x000008cb       0x34 C:/ST/STM32CubeIDE_1.15.0/STM32CubeIDE/plugins/com.st.stm32cube.ide.mcu.externaltools.gnu-tools-for-stm32.12.3.rel1.win32_1.0.100.202403111256/tools/bin/../lib/gcc/arm-none-eabi/12.3.1/../../../../arm-none-eabi/lib/thumb/v7e-m+fp/hard\libc_nano.a(libc_a-sprintf.o)
 .ARM.attributes
                0x000008ff       0x34 C:/ST/STM32CubeIDE_1.15.0/STM32CubeIDE/plugins/com.st.stm32cube.ide.mcu.externaltools.gnu-tools-for-stm32.12.3.rel1.win32_1.0.100.202403111256/tools/bin/../lib/gcc/arm-none-eabi/12.3.1/../../../../arm-none-eabi/lib/thumb/v7e-m+fp/hard\libc_nano.a(libc_a-memset.o)
 .ARM.attributes
                0x00000933       0x34 C:/ST/STM32CubeIDE_1.15.0/STM32CubeIDE/plugins/com.st.stm32cube.ide.mcu.externaltools.gnu-tools-for-stm32.12.3.rel1.win32_1.0.100.202403111256/tools/bin/../lib/gcc/arm-none-eabi/12.3.1/../../../../arm-none-eabi/lib/thumb/v7e-m+fp/hard\libc_nano.a(libc_a-reent.o)
 .ARM.attributes
                0x00000967       0x34 C:/ST/STM32CubeIDE_1.15.0/STM32CubeIDE/plugins/com.st.stm32cube.ide.mcu.externaltools.gnu-tools-for-stm32.12.3.rel1.win32_1.0.100.202403111256/tools/bin/../lib/gcc/arm-none-eabi/12.3.1/../../../../arm-none-eabi/lib/thumb/v7e-m+fp/hard\libc_nano.a(libc_a-impure.o)
 .ARM.attributes
                0x0000099b       0x34 C:/ST/STM32CubeIDE_1.15.0/STM32CubeIDE/plugins/com.st.stm32cube.ide.mcu.externaltools.gnu-tools-for-stm32.12.3.rel1.win32_1.0.100.202403111256/tools/bin/../lib/gcc/arm-none-eabi/12.3.1/../../../../arm-none-eabi/lib/thumb/v7e-m+fp/hard\libc_nano.a(libc_a-errno.o)
 .ARM.attributes
                0x000009cf       0x34 C:/ST/STM32CubeIDE_1.15.0/STM32CubeIDE/plugins/com.st.stm32cube.ide.mcu.externaltools.gnu-tools-for-stm32.12.3.rel1.win32_1.0.100.202403111256/tools/bin/../lib/gcc/arm-none-eabi/12.3.1/../../../../arm-none-eabi/lib/thumb/v7e-m+fp/hard\libc_nano.a(libc_a-init.o)
 .ARM.attributes
                0x00000a03       0x34 C:/ST/STM32CubeIDE_1.15.0/STM32CubeIDE/plugins/com.st.stm32cube.ide.mcu.externaltools.gnu-tools-for-stm32.12.3.rel1.win32_1.0.100.202403111256/tools/bin/../lib/gcc/arm-none-eabi/12.3.1/../../../../arm-none-eabi/lib/thumb/v7e-m+fp/hard\libc_nano.a(libc_a-lock.o)
 .ARM.attributes
                0x00000a37       0x34 C:/ST/STM32CubeIDE_1.15.0/STM32CubeIDE/plugins/com.st.stm32cube.ide.mcu.externaltools.gnu-tools-for-stm32.12.3.rel1.win32_1.0.100.202403111256/tools/bin/../lib/gcc/arm-none-eabi/12.3.1/../../../../arm-none-eabi/lib/thumb/v7e-m+fp/hard\libc_nano.a(libc_a-memcpy-stub.o)
 .ARM.attributes
                0x00000a6b       0x34 C:/ST/STM32CubeIDE_1.15.0/STM32CubeIDE/plugins/com.st.stm32cube.ide.mcu.externaltools.gnu-tools-for-stm32.12.3.rel1.win32_1.0.100.202403111256/tools/bin/../lib/gcc/arm-none-eabi/12.3.1/../../../../arm-none-eabi/lib/thumb/v7e-m+fp/hard\libc_nano.a(libc_a-freer.o)
 .ARM.attributes
                0x00000a9f       0x34 C:/ST/STM32CubeIDE_1.15.0/STM32CubeIDE/plugins/com.st.stm32cube.ide.mcu.externaltools.gnu-tools-for-stm32.12.3.rel1.win32_1.0.100.202403111256/tools/bin/../lib/gcc/arm-none-eabi/12.3.1/../../../../arm-none-eabi/lib/thumb/v7e-m+fp/hard\libc_nano.a(libc_a-mallocr.o)
 .ARM.attributes
                0x00000ad3       0x34 C:/ST/STM32CubeIDE_1.15.0/STM32CubeIDE/plugins/com.st.stm32cube.ide.mcu.externaltools.gnu-tools-for-stm32.12.3.rel1.win32_1.0.100.202403111256/tools/bin/../lib/gcc/arm-none-eabi/12.3.1/../../../../arm-none-eabi/lib/thumb/v7e-m+fp/hard\libc_nano.a(libc_a-mlock.o)
 .ARM.attributes
                0x00000b07       0x34 C:/ST/STM32CubeIDE_1.15.0/STM32CubeIDE/plugins/com.st.stm32cube.ide.mcu.externaltools.gnu-tools-for-stm32.12.3.rel1.win32_1.0.100.202403111256/tools/bin/../lib/gcc/arm-none-eabi/12.3.1/../../../../arm-none-eabi/lib/thumb/v7e-m+fp/hard\libc_nano.a(libc_a-nano-svfprintf.o)
 .ARM.attributes
                0x00000b3b       0x34 C:/ST/STM32CubeIDE_1.15.0/STM32CubeIDE/plugins/com.st.stm32cube.ide.mcu.externaltools.gnu-tools-for-stm32.12.3.rel1.win32_1.0.100.202403111256/tools/bin/../lib/gcc/arm-none-eabi/12.3.1/../../../../arm-none-eabi/lib/thumb/v7e-m+fp/hard\libc_nano.a(libc_a-nano-vfprintf_i.o)
 .ARM.attributes
                0x00000b6f       0x34 C:/ST/STM32CubeIDE_1.15.0/STM32CubeIDE/plugins/com.st.stm32cube.ide.mcu.externaltools.gnu-tools-for-stm32.12.3.rel1.win32_1.0.100.202403111256/tools/bin/../lib/gcc/arm-none-eabi/12.3.1/../../../../arm-none-eabi/lib/thumb/v7e-m+fp/hard\libc_nano.a(libc_a-memmove.o)
 .ARM.attributes
                0x00000ba3       0x34 C:/ST/STM32CubeIDE_1.15.0/STM32CubeIDE/plugins/com.st.stm32cube.ide.mcu.externaltools.gnu-tools-for-stm32.12.3.rel1.win32_1.0.100.202403111256/tools/bin/../lib/gcc/arm-none-eabi/12.3.1/../../../../arm-none-eabi/lib/thumb/v7e-m+fp/hard\libc_nano.a(libc_a-sbrkr.o)
 .ARM.attributes